core_cm4.h:1688:22:__NVIC_EnableIRQ	16	static
core_cm4.h:1816:22:__NVIC_SetPriority	16	static
main.c:281:6:TIM6_DAC_IRQHandler	16	static
main.c:341:6:init_DAC	4	static
main.c:355:6:init_TIM6	8	static
main.c:369:6:TIM2_IRQHandler	8	static
main.c:376:6:init_TIM2	16	static
main.c:389:6:init_hybrid	24	static
main.c:399:6:note_off	32	static
main.c:414:6:note_on	32	static
main.c:434:6:set_tempo	24	static
main.c:446:5:main	96	static
main.c:596:6:SystemClock_Config	104	static
main.c:648:13:MX_DAC_Init	16	static
main.c:686:13:MX_I2C1_Init	8	static
main.c:720:13:MX_I2C3_Init	8	static
main.c:754:13:MX_I2S3_Init	8	static
main.c:788:13:MX_SDIO_SD_Init	4	static
main.c:816:13:MX_TIM1_Init	32	static
main.c:860:13:MX_DMA_Init	16	static
main.c:882:13:MX_GPIO_Init	56	static
main.c:987:6:HAL_GPIO_EXTI_Callback	16	static,ignoring_inline_asm
main.c:1054:6:Error_Handler	4	static
