midi.c:23:11:midi_error	24	static
midi.c:27:11:header_info	16	static
midi.c:30:11:file_offset_info	16	static
midi.c:33:11:track_info	24	static
midi.c:36:11:sysex_info	24	static
midi.c:41:11:note_off	24	static
midi.c:45:11:note_on	24	static
midi.c:49:11:key_pressure	24	static
midi.c:53:11:control_change	24	static
midi.c:57:11:program_change	24	static
midi.c:61:11:channel_pressure	24	static
midi.c:65:11:pitch_wheel_change	24	static
midi.c:68:11:text_event	16	static
midi.c:71:11:copyright_notice	16	static
midi.c:74:11:track_name	16	static
midi.c:77:11:lyric	24	static
midi.c:80:11:marker	24	static
midi.c:83:11:end_of_track	16	static
midi.c:86:11:set_tempo	24	static
midi.c:89:11:smpte_offset	24	static
midi.c:92:11:time_signature	24	static
midi.c:95:11:key_signature	24	static
midi.c:98:11:unknown_meta	24	static
midi.c:107:5:intvar	24	static
midi.c:115:5:int1	24	static
midi.c:121:5:int2	24	static
midi.c:128:5:int4	24	static
midi.c:137:5:match	24	static
midi.c:144:5:eat	24	static
midi.c:156:6:midi_event	80	static
midi.c:190:6:meta_event	56	static
midi.c:216:6:sysex_event	40	static
midi.c:229:6:init_track	32	static
midi.c:240:6:track_interpret	24	static
midi.c:266:6:midi_play	24	static
midi.c:285:14:midi_init	32	static
