Archive member included to satisfy reference by file (symbol)

c:/st/stm32cubeide_1.4.0/stm32cubeide/plugins/com.st.stm32cube.ide.mcu.externaltools.gnu-tools-for-stm32.7-2018-q2-update.win32_1.5.0.202011040924/tools/bin/../lib/gcc/arm-none-eabi/7.3.1/../../../../arm-none-eabi/lib/thumb/v7e-m/fpv4-sp/hard\libc_nano.a(lib_a-errno.o)
                              Core/Src/syscalls.o (__errno)
c:/st/stm32cubeide_1.4.0/stm32cubeide/plugins/com.st.stm32cube.ide.mcu.externaltools.gnu-tools-for-stm32.7-2018-q2-update.win32_1.5.0.202011040924/tools/bin/../lib/gcc/arm-none-eabi/7.3.1/../../../../arm-none-eabi/lib/thumb/v7e-m/fpv4-sp/hard\libc_nano.a(lib_a-exit.o)
                              c:/st/stm32cubeide_1.4.0/stm32cubeide/plugins/com.st.stm32cube.ide.mcu.externaltools.gnu-tools-for-stm32.7-2018-q2-update.win32_1.5.0.202011040924/tools/bin/../lib/gcc/arm-none-eabi/7.3.1/../../../../arm-none-eabi/lib/thumb/v7e-m/fpv4-sp/hard/crt0.o (exit)
c:/st/stm32cubeide_1.4.0/stm32cubeide/plugins/com.st.stm32cube.ide.mcu.externaltools.gnu-tools-for-stm32.7-2018-q2-update.win32_1.5.0.202011040924/tools/bin/../lib/gcc/arm-none-eabi/7.3.1/../../../../arm-none-eabi/lib/thumb/v7e-m/fpv4-sp/hard\libc_nano.a(lib_a-impure.o)
                              c:/st/stm32cubeide_1.4.0/stm32cubeide/plugins/com.st.stm32cube.ide.mcu.externaltools.gnu-tools-for-stm32.7-2018-q2-update.win32_1.5.0.202011040924/tools/bin/../lib/gcc/arm-none-eabi/7.3.1/../../../../arm-none-eabi/lib/thumb/v7e-m/fpv4-sp/hard\libc_nano.a(lib_a-exit.o) (_global_impure_ptr)
c:/st/stm32cubeide_1.4.0/stm32cubeide/plugins/com.st.stm32cube.ide.mcu.externaltools.gnu-tools-for-stm32.7-2018-q2-update.win32_1.5.0.202011040924/tools/bin/../lib/gcc/arm-none-eabi/7.3.1/../../../../arm-none-eabi/lib/thumb/v7e-m/fpv4-sp/hard\libc_nano.a(lib_a-init.o)
                              c:/st/stm32cubeide_1.4.0/stm32cubeide/plugins/com.st.stm32cube.ide.mcu.externaltools.gnu-tools-for-stm32.7-2018-q2-update.win32_1.5.0.202011040924/tools/bin/../lib/gcc/arm-none-eabi/7.3.1/../../../../arm-none-eabi/lib/thumb/v7e-m/fpv4-sp/hard/crt0.o (__libc_init_array)
c:/st/stm32cubeide_1.4.0/stm32cubeide/plugins/com.st.stm32cube.ide.mcu.externaltools.gnu-tools-for-stm32.7-2018-q2-update.win32_1.5.0.202011040924/tools/bin/../lib/gcc/arm-none-eabi/7.3.1/../../../../arm-none-eabi/lib/thumb/v7e-m/fpv4-sp/hard\libc_nano.a(lib_a-memcpy-stub.o)
                              Core/Src/MY_CS43L22.o (memcpy)
c:/st/stm32cubeide_1.4.0/stm32cubeide/plugins/com.st.stm32cube.ide.mcu.externaltools.gnu-tools-for-stm32.7-2018-q2-update.win32_1.5.0.202011040924/tools/bin/../lib/gcc/arm-none-eabi/7.3.1/../../../../arm-none-eabi/lib/thumb/v7e-m/fpv4-sp/hard\libc_nano.a(lib_a-memset.o)
                              c:/st/stm32cubeide_1.4.0/stm32cubeide/plugins/com.st.stm32cube.ide.mcu.externaltools.gnu-tools-for-stm32.7-2018-q2-update.win32_1.5.0.202011040924/tools/bin/../lib/gcc/arm-none-eabi/7.3.1/../../../../arm-none-eabi/lib/thumb/v7e-m/fpv4-sp/hard/crt0.o (memset)
c:/st/stm32cubeide_1.4.0/stm32cubeide/plugins/com.st.stm32cube.ide.mcu.externaltools.gnu-tools-for-stm32.7-2018-q2-update.win32_1.5.0.202011040924/tools/bin/../lib/gcc/arm-none-eabi/7.3.1/../../../../arm-none-eabi/lib/thumb/v7e-m/fpv4-sp/hard\libc_nano.a(lib_a-strlen.o)
                              Core/Src/lcd16x2_i2c.o (strlen)
c:/st/stm32cubeide_1.4.0/stm32cubeide/plugins/com.st.stm32cube.ide.mcu.externaltools.gnu-tools-for-stm32.7-2018-q2-update.win32_1.5.0.202011040924/tools/bin/../lib/gcc/arm-none-eabi/7.3.1/../../../../arm-none-eabi/lib/thumb/v7e-m/fpv4-sp/hard\libc_nano.a(lib_a-strncmp.o)
                              Core/Src/midi.o (strncmp)
c:/st/stm32cubeide_1.4.0/stm32cubeide/plugins/com.st.stm32cube.ide.mcu.externaltools.gnu-tools-for-stm32.7-2018-q2-update.win32_1.5.0.202011040924/tools/bin/../lib/gcc/arm-none-eabi/7.3.1/../../../../arm-none-eabi/lib/thumb/v7e-m/fpv4-sp/hard\libc_nano.a(lib_a-vsprintf.o)
                              Core/Src/lcd16x2_i2c.o (vsprintf)
c:/st/stm32cubeide_1.4.0/stm32cubeide/plugins/com.st.stm32cube.ide.mcu.externaltools.gnu-tools-for-stm32.7-2018-q2-update.win32_1.5.0.202011040924/tools/bin/../lib/gcc/arm-none-eabi/7.3.1/../../../../arm-none-eabi/lib/thumb/v7e-m/fpv4-sp/hard\libc_nano.a(lib_a-nano-svfprintf.o)
                              c:/st/stm32cubeide_1.4.0/stm32cubeide/plugins/com.st.stm32cube.ide.mcu.externaltools.gnu-tools-for-stm32.7-2018-q2-update.win32_1.5.0.202011040924/tools/bin/../lib/gcc/arm-none-eabi/7.3.1/../../../../arm-none-eabi/lib/thumb/v7e-m/fpv4-sp/hard\libc_nano.a(lib_a-vsprintf.o) (_svfprintf_r)
c:/st/stm32cubeide_1.4.0/stm32cubeide/plugins/com.st.stm32cube.ide.mcu.externaltools.gnu-tools-for-stm32.7-2018-q2-update.win32_1.5.0.202011040924/tools/bin/../lib/gcc/arm-none-eabi/7.3.1/../../../../arm-none-eabi/lib/thumb/v7e-m/fpv4-sp/hard\libc_nano.a(lib_a-nano-vfprintf_i.o)
[...]
Memory Configuration

Name             Origin             Length             Attributes
CCMRAM           0x0000000010000000 0x0000000000010000 xrw
RAM              0x0000000020000000 0x0000000000020000 xrw
FLASH            0x0000000008000000 0x0000000000100000 xr
*default*        0x0000000000000000 0xffffffffffffffff

Linker script and memory map

LOAD c:/st/stm32cubeide_1.4.0/stm32cubeide/plugins/com.st.stm32cube.ide.mcu.externaltools.gnu-tools-for-stm32.7-2018-q2-update.win32_1.5.0.202011040924/tools/bin/../lib/gcc/arm-none-eabi/7.3.1/thumb/v7e-m/fpv4-sp/hard/crti.o
LOAD c:/st/stm32cubeide_1.4.0/stm32cubeide/plugins/com.st.stm32cube.ide.mcu.externaltools.gnu-tools-for-stm32.7-2018-q2-update.win32_1.5.0.202011040924/tools/bin/../lib/gcc/arm-none-eabi/7.3.1/thumb/v7e-m/fpv4-sp/hard/crtbegin.o
LOAD c:/st/stm32cubeide_1.4.0/stm32cubeide/plugins/com.st.stm32cube.ide.mcu.externaltools.gnu-tools-for-stm32.7-2018-q2-update.win32_1.5.0.202011040924/tools/bin/../lib/gcc/arm-none-eabi/7.3.1/../../../../arm-none-eabi/lib/thumb/v7e-m/fpv4-sp/hard/crt0.o
LOAD Core/Src/MY_CS43L22.o
LOAD Core/Src/MY_Keypad4x4.o
LOAD Core/Src/lcd16x2_i2c.o
LOAD Core/Src/main.o
LOAD Core/Src/midi.o
LOAD Core/Src/stm32f4xx_hal_msp.o
LOAD Core/Src/stm32f4xx_it.o
LOAD Core/Src/syscalls.o
LOAD Core/Src/sysmem.o
LOAD Core/Src/system_stm32f4xx.o
LOAD Core/Src/tikiroom.o
LOAD Core/Src/visEffect.o
LOAD Core/Src/ws2812b.o
LOAD Core/Startup/startup_stm32f407vgtx.o
LOAD Drivers/STM32F4xx_HAL_Driver/Src/stm32f4xx_hal.o
LOAD Drivers/STM32F4xx_HAL_Driver/Src/stm32f4xx_hal_cortex.o
LOAD Drivers/STM32F4xx_HAL_Driver/Src/stm32f4xx_hal_dac.o
LOAD Drivers/STM32F4xx_HAL_Driver/Src/stm32f4xx_hal_dac_ex.o
LOAD Drivers/STM32F4xx_HAL_Driver/Src/stm32f4xx_hal_dma.o
LOAD Drivers/STM32F4xx_HAL_Driver/Src/stm32f4xx_hal_dma_ex.o
LOAD Drivers/STM32F4xx_HAL_Driver/Src/stm32f4xx_hal_exti.o
LOAD Drivers/STM32F4xx_HAL_Driver/Src/stm32f4xx_hal_flash.o
LOAD Drivers/STM32F4xx_HAL_Driver/Src/stm32f4xx_hal_flash_ex.o
LOAD Drivers/STM32F4xx_HAL_Driver/Src/stm32f4xx_hal_flash_ramfunc.o
LOAD Drivers/STM32F4xx_HAL_Driver/Src/stm32f4xx_hal_gpio.o
LOAD Drivers/STM32F4xx_HAL_Driver/Src/stm32f4xx_hal_i2c.o
LOAD Drivers/STM32F4xx_HAL_Driver/Src/stm32f4xx_hal_i2c_ex.o
LOAD Drivers/STM32F4xx_HAL_Driver/Src/stm32f4xx_hal_i2s.o
LOAD Drivers/STM32F4xx_HAL_Driver/Src/stm32f4xx_hal_i2s_ex.o
LOAD Drivers/STM32F4xx_HAL_Driver/Src/stm32f4xx_hal_pwr.o
LOAD Drivers/STM32F4xx_HAL_Driver/Src/stm32f4xx_hal_pwr_ex.o
LOAD Drivers/STM32F4xx_HAL_Driver/Src/stm32f4xx_hal_rcc.o
LOAD Drivers/STM32F4xx_HAL_Driver/Src/stm32f4xx_hal_rcc_ex.o
LOAD Drivers/STM32F4xx_HAL_Driver/Src/stm32f4xx_hal_sd.o
LOAD Drivers/STM32F4xx_HAL_Driver/Src/stm32f4xx_hal_tim.o
LOAD Drivers/STM32F4xx_HAL_Driver/Src/stm32f4xx_hal_tim_ex.o
LOAD Drivers/STM32F4xx_HAL_Driver/Src/stm32f4xx_ll_sdmmc.o
LOAD FATFS/App/fatfs.o
LOAD FATFS/Target/bsp_driver_sd.o
LOAD FATFS/Target/sd_diskio.o
LOAD Middlewares/Third_Party/FatFs/src/diskio.o
LOAD Middlewares/Third_Party/FatFs/src/ff.o
LOAD Middlewares/Third_Party/FatFs/src/ff_gen_drv.o
LOAD Middlewares/Third_Party/FatFs/src/option/syscall.o
START GROUP
LOAD c:/st/stm32cubeide_1.4.0/stm32cubeide/plugins/com.st.stm32cube.ide.mcu.externaltools.gnu-tools-for-stm32.7-2018-q2-update.win32_1.5.0.202011040924/tools/bin/../lib/gcc/arm-none-eabi/7.3.1/../../../../arm-none-eabi/lib/thumb/v7e-m/fpv4-sp/hard\libc_nano.a
LOAD c:/st/stm32cubeide_1.4.0/stm32cubeide/plugins/com.st.stm32cube.ide.mcu.externaltools.gnu-tools-for-stm32.7-2018-q2-update.win32_1.5.0.202011040924/tools/bin/../lib/gcc/arm-none-eabi/7.3.1/../../../../arm-none-eabi/lib/thumb/v7e-m/fpv4-sp/hard\libm.a
END GROUP
START GROUP
LOAD c:/st/stm32cubeide_1.4.0/stm32cubeide/plugins/com.st.stm32cube.ide.mcu.externaltools.gnu-tools-for-stm32.7-2018-q2-update.win32_1.5.0.202011040924/tools/bin/../lib/gcc/arm-none-eabi/7.3.1/thumb/v7e-m/fpv4-sp/hard\libgcc.a
LOAD c:/st/stm32cubeide_1.4.0/stm32cubeide/plugins/com.st.stm32cube.ide.mcu.externaltools.gnu-tools-for-stm32.7-2018-q2-update.win32_1.5.0.202011040924/tools/bin/../lib/gcc/arm-none-eabi/7.3.1/../../../../arm-none-eabi/lib/thumb/v7e-m/fpv4-sp/hard\libc_nano.a
END GROUP
START GROUP
LOAD c:/st/stm32cubeide_1.4.0/stm32cubeide/plugins/com.st.stm32cube.ide.mcu.externaltools.gnu-tools-for-stm32.7-2018-q2-update.win32_1.5.0.202011040924/tools/bin/../lib/gcc/arm-none-eabi/7.3.1/thumb/v7e-m/fpv4-sp/hard\libgcc.a
LOAD c:/st/stm32cubeide_1.4.0/stm32cubeide/plugins/com.st.stm32cube.ide.mcu.externaltools.gnu-tools-for-stm32.7-2018-q2-update.win32_1.5.0.202011040924/tools/bin/../lib/gcc/arm-none-eabi/7.3.1/../../../../arm-none-eabi/lib/thumb/v7e-m/fpv4-sp/hard\libc_nano.a
LOAD c:/st/stm32cubeide_1.4.0/stm32cubeide/plugins/com.st.stm32cube.ide.mcu.externaltools.gnu-tools-for-stm32.7-2018-q2-update.win32_1.5.0.202011040924/tools/bin/../lib/gcc/arm-none-eabi/7.3.1/../../../../arm-none-eabi/lib/thumb/v7e-m/fpv4-sp/hard\libnosys.a
END GROUP
START GROUP
LOAD c:/st/stm32cubeide_1.4.0/stm32cubeide/plugins/com.st.stm32cube.ide.mcu.externaltools.gnu-tools-for-stm32.7-2018-q2-update.win32_1.5.0.202011040924/tools/bin/../lib/gcc/arm-none-eabi/7.3.1/thumb/v7e-m/fpv4-sp/hard\libgcc.a
LOAD c:/st/stm32cubeide_1.4.0/stm32cubeide/plugins/com.st.stm32cube.ide.mcu.externaltools.gnu-tools-for-stm32.7-2018-q2-update.win32_1.5.0.202011040924/tools/bin/../lib/gcc/arm-none-eabi/7.3.1/../../../../arm-none-eabi/lib/thumb/v7e-m/fpv4-sp/hard\libc_nano.a
LOAD c:/st/stm32cubeide_1.4.0/stm32cubeide/plugins/com.st.stm32cube.ide.mcu.externaltools.gnu-tools-for-stm32.7-2018-q2-update.win32_1.5.0.202011040924/tools/bin/../lib/gcc/arm-none-eabi/7.3.1/../../../../arm-none-eabi/lib/thumb/v7e-m/fpv4-sp/hard\libnosys.a
END GROUP
LOAD c:/st/stm32cubeide_1.4.0/stm32cubeide/plugins/com.st.stm32cube.ide.mcu.externaltools.gnu-tools-for-stm32.7-2018-q2-update.win32_1.5.0.202011040924/tools/bin/../lib/gcc/arm-none-eabi/7.3.1/thumb/v7e-m/fpv4-sp/hard/crtend.o
LOAD c:/st/stm32cubeide_1.4.0/stm32cubeide/plugins/com.st.stm32cube.ide.mcu.externaltools.gnu-tools-for-stm32.7-2018-q2-update.win32_1.5.0.202011040924/tools/bin/../lib/gcc/arm-none-eabi/7.3.1/thumb/v7e-m/fpv4-sp/hard/crtn.o
                0x0000000020020000                _estack = (ORIGIN (RAM) + LENGTH (RAM))
                0x0000000000000200                _Min_Heap_Size = 0x200
                0x0000000000000400                _Min_Stack_Size = 0x400

.isr_vector     0x0000000008000000      0x188
                0x0000000008000000                . = ALIGN (0x4)
 *(.isr_vector)
 .isr_vector    0x0000000008000000      0x188 Core/Startup/startup_stm32f407vgtx.o
                0x0000000008000000                g_pfnVectors
                0x0000000008000188                . = ALIGN (0x4)

.text           0x0000000008000190     0xe9ac
                0x0000000008000190                . = ALIGN (0x4)
 *(.text)
 .text          0x0000000008000190       0x40 c:/st/stm32cubeide_1.4.0/stm32cubeide/plugins/com.st.stm32cube.ide.mcu.externaltools.gnu-tools-for-stm32.7-2018-q2-update.win32_1.5.0.202011040924/tools/bin/../lib/gcc/arm-none-eabi/7.3.1/thumb/v7e-m/fpv4-sp/hard/crtbegin.o
 .text          0x00000000080001d0       0x10 c:/st/stm32cubeide_1.4.0/stm32cubeide/plugins/com.st.stm32cube.ide.mcu.externaltools.gnu-tools-for-stm32.7-2018-q2-update.win32_1.5.0.202011040924/tools/bin/../lib/gcc/arm-none-eabi/7.3.1/../../../../arm-none-eabi/lib/thumb/v7e-m/fpv4-sp/hard\libc_nano.a(lib_a-strlen.o)
                0x00000000080001d0                strlen
 .text          0x00000000080001e0       0xa0 c:/st/stm32cubeide_1.4.0/stm32cubeide/plugins/com.st.stm32cube.ide.mcu.externaltools.gnu-tools-for-stm32.7-2018-q2-update.win32_1.5.0.202011040924/tools/bin/../lib/gcc/arm-none-eabi/7.3.1/../../../../arm-none-eabi/lib/thumb/v7e-m/fpv4-sp/hard\libc_nano.a(lib_a-memchr.o)
                0x00000000080001e0                memchr
 .text          0x0000000008000280      0x378 c:/st/stm32cubeide_1.4.0/stm32cubeide/plugins/com.st.stm32cube.ide.mcu.externaltools.gnu-tools-for-stm32.7-2018-q2-update.win32_1.5.0.202011040924/tools/bin/../lib/gcc/arm-none-eabi/7.3.1/thumb/v7e-m/fpv4-sp/hard\libgcc.a(_arm_addsubdf3.o)
                0x0000000008000280                __aeabi_drsub
                0x0000000008000288                __aeabi_dsub
                0x0000000008000288                __subdf3
                0x000000000800028c                __aeabi_dadd
                0x000000000800028c                __adddf3
                0x0000000008000504                __floatunsidf
                0x0000000008000504                __aeabi_ui2d
                0x0000000008000524                __floatsidf
                0x0000000008000524                __aeabi_i2d
                0x0000000008000548                __aeabi_f2d
                0x0000000008000548                __extendsfdf2
                0x000000000800058c                __floatundidf
                0x000000000800058c                __aeabi_ul2d
                0x000000000800059c                __floatdidf
                0x000000000800059c                __aeabi_l2d
 .text          0x00000000080005f8      0x424 c:/st/stm32cubeide_1.4.0/stm32cubeide/plugins/com.st.stm32cube.ide.mcu.externaltools.gnu-tools-for-stm32.7-2018-q2-update.win32_1.5.0.202011040924/tools/bin/../lib/gcc/arm-none-eabi/7.3.1/thumb/v7e-m/fpv4-sp/hard\libgcc.a(_arm_muldivdf3.o)
                0x00000000080005f8                __aeabi_dmul
                0x00000000080005f8                __muldf3
                0x000000000800084c                __divdf3
                0x000000000800084c                __aeabi_ddiv
 .text          0x0000000008000a1c      0x110 c:/st/stm32cubeide_1.4.0/stm32cubeide/plugins/com.st.stm32cube.ide.mcu.externaltools.gnu-tools-for-stm32.7-2018-q2-update.win32_1.5.0.202011040924/tools/bin/../lib/gcc/arm-none-eabi/7.3.1/thumb/v7e-m/fpv4-sp/hard\libgcc.a(_arm_cmpdf2.o)
                0x0000000008000a1c                __gtdf2
                0x0000000008000a1c                __gedf2
                0x0000000008000a24                __ltdf2
                0x0000000008000a24                __ledf2
                0x0000000008000a2c                __nedf2
                0x0000000008000a2c                __eqdf2
                0x0000000008000a2c                __cmpdf2
                0x0000000008000aa8                __aeabi_cdrcmple
                0x0000000008000ab8                __aeabi_cdcmpeq
                0x0000000008000ab8                __aeabi_cdcmple
                0x0000000008000ac8                __aeabi_dcmpeq
                0x0000000008000adc                __aeabi_dcmplt
                0x0000000008000af0                __aeabi_dcmple
                0x0000000008000b04                __aeabi_dcmpge
                0x0000000008000b18                __aeabi_dcmpgt
 .text          0x0000000008000b2c       0x50 c:/st/stm32cubeide_1.4.0/stm32cubeide/plugins/com.st.stm32cube.ide.mcu.externaltools.gnu-tools-for-stm32.7-2018-q2-update.win32_1.5.0.202011040924/tools/bin/../lib/gcc/arm-none-eabi/7.3.1/thumb/v7e-m/fpv4-sp/hard\libgcc.a(_arm_fixdfsi.o)
                0x0000000008000b2c                __aeabi_d2iz
                0x0000000008000b2c                __fixdfsi
 .text          0x0000000008000b7c       0x30 c:/st/stm32cubeide_1.4.0/stm32cubeide/plugins/com.st.stm32cube.ide.mcu.externaltools.gnu-tools-for-stm32.7-2018-q2-update.win32_1.5.0.202011040924/tools/bin/../lib/gcc/arm-none-eabi/7.3.1/thumb/v7e-m/fpv4-sp/hard\libgcc.a(_aeabi_uldivmod.o)
                0x0000000008000b7c                __aeabi_uldivmod
 .text          0x0000000008000bac      0x2cc c:/st/stm32cubeide_1.4.0/stm32cubeide/plugins/com.st.stm32cube.ide.mcu.externaltools.gnu-tools-for-stm32.7-2018-q2-update.win32_1.5.0.202011040924/tools/bin/../lib/gcc/arm-none-eabi/7.3.1/thumb/v7e-m/fpv4-sp/hard\libgcc.a(_udivmoddi4.o)
                0x0000000008000bac                __udivmoddi4
 .text          0x0000000008000e78        0x4 c:/st/stm32cubeide_1.4.0/stm32cubeide/plugins/com.st.stm32cube.ide.mcu.externaltools.gnu-tools-for-stm32.7-2018-q2-update.win32_1.5.0.202011040924/tools/bin/../lib/gcc/arm-none-eabi/7.3.1/thumb/v7e-m/fpv4-sp/hard\libgcc.a(_dvmd_tls.o)
                0x0000000008000e78                __aeabi_idiv0
                0x0000000008000e78                __aeabi_ldiv0
 *(.text*)
 .text.write_register
                0x0000000008000e7c       0x3c Core/Src/MY_CS43L22.o
 .text.read_register
                0x0000000008000eb8       0x44 Core/Src/MY_CS43L22.o
 .text.CS43_Init
                0x0000000008000efc      0x228 Core/Src/MY_CS43L22.o
                0x0000000008000efc                CS43_Init
 .text.CS43_Enable_RightLeft
                0x0000000008001124       0xb8 Core/Src/MY_CS43L22.o
                0x0000000008001124                CS43_Enable_RightLeft
 .text.CS43_SetVolume
                0x00000000080011dc       0x84 Core/Src/MY_CS43L22.o
                0x00000000080011dc                CS43_SetVolume
 .text.CS43_Start
                0x0000000008001260       0x84 Core/Src/MY_CS43L22.o
                0x0000000008001260                CS43_Start
 .text.Keypad4x4_Init
                0x00000000080012e4       0x18 Core/Src/MY_Keypad4x4.o
                0x00000000080012e4                Keypad4x4_Init
 .text.Keypad4x4_ReadKeypad
                0x00000000080012fc      0x7d0 Core/Src/MY_Keypad4x4.o
                0x00000000080012fc                Keypad4x4_ReadKeypad
 .text.lcd16x2_i2c_sendCommand
                0x0000000008001acc       0x68 Core/Src/lcd16x2_i2c.o
 .text.lcd16x2_i2c_sendData
                0x0000000008001b34       0x68 Core/Src/lcd16x2_i2c.o
 .text.lcd16x2_i2c_init
                0x0000000008001b9c       0xd8 Core/Src/lcd16x2_i2c.o
                0x0000000008001b9c                lcd16x2_i2c_init
 .text.lcd16x2_i2c_setCursor
                0x0000000008001c74       0x48 Core/Src/lcd16x2_i2c.o
                0x0000000008001c74                lcd16x2_i2c_setCursor
 .text.lcd16x2_i2c_1stLine
                0x0000000008001cbc       0x10 Core/Src/lcd16x2_i2c.o
                0x0000000008001cbc                lcd16x2_i2c_1stLine
 .text.lcd16x2_i2c_2ndLine
                0x0000000008001ccc       0x10 Core/Src/lcd16x2_i2c.o
                0x0000000008001ccc                lcd16x2_i2c_2ndLine
 .text.lcd16x2_i2c_printf
                0x0000000008001cdc       0x60 Core/Src/lcd16x2_i2c.o
                0x0000000008001cdc                lcd16x2_i2c_printf
 .text.__NVIC_EnableIRQ
                0x0000000008001d3c       0x3c Core/Src/main.o
 .text.__NVIC_SetPriority
                0x0000000008001d78       0x54 Core/Src/main.o
 .text.TIM6_DAC_IRQHandler
                0x0000000008001dcc      0x2c0 Core/Src/main.o
                0x0000000008001dcc                TIM6_DAC_IRQHandler
 .text.init_DAC
                0x000000000800208c       0x7c Core/Src/main.o
                0x000000000800208c                init_DAC
 .text.init_TIM6
                0x0000000008002108       0x60 Core/Src/main.o
                0x0000000008002108                init_TIM6
 .text.TIM2_IRQHandler
                0x0000000008002168       0x30 Core/Src/main.o
                0x0000000008002168                TIM2_IRQHandler
 .text.init_TIM2
                0x0000000008002198       0x70 Core/Src/main.o
                0x0000000008002198                init_TIM2
 .text.init_hybrid
                0x0000000008002208       0xd0 Core/Src/main.o
                0x0000000008002208                init_hybrid
 .text.note_off
                0x00000000080022d8       0xbc Core/Src/main.o
                0x00000000080022d8                note_off
 .text.note_on  0x0000000008002394       0xe0 Core/Src/main.o
                0x0000000008002394                note_on
 .text.set_tempo
                0x0000000008002474       0x2c Core/Src/main.o
                0x0000000008002474                set_tempo
 .text.main     0x00000000080024a0      0x1e8 Core/Src/main.o
                0x00000000080024a0                main
 .text.SystemClock_Config
                0x0000000008002688      0x100 Core/Src/main.o
                0x0000000008002688                SystemClock_Config
 .text.MX_DAC_Init
                0x0000000008002788       0x54 Core/Src/main.o
 .text.MX_I2C1_Init
                0x00000000080027dc       0x5c Core/Src/main.o
 .text.MX_I2C3_Init
                0x0000000008002838       0x5c Core/Src/main.o
 .text.MX_I2S3_Init
                0x0000000008002894       0x5c Core/Src/main.o
 .text.MX_SDIO_SD_Init
                0x00000000080028f0       0x40 Core/Src/main.o
 .text.MX_TIM1_Init
                0x0000000008002930       0xa0 Core/Src/main.o
 .text.MX_DMA_Init
                0x00000000080029d0       0x6c Core/Src/main.o
 .text.MX_GPIO_Init
                0x0000000008002a3c      0x23c Core/Src/main.o
 .text.HAL_GPIO_EXTI_Callback
                0x0000000008002c78      0x134 Core/Src/main.o
                0x0000000008002c78                HAL_GPIO_EXTI_Callback
 .text.Error_Handler
                0x0000000008002dac        0xe Core/Src/main.o
                0x0000000008002dac                Error_Handler
 .text.midi_error
                0x0000000008002dba       0x1a Core/Src/midi.o
                0x0000000008002dba                midi_error
 .text.header_info
                0x0000000008002dd4       0x14 Core/Src/midi.o
                0x0000000008002dd4                header_info
 .text.file_offset_info
                0x0000000008002de8       0x14 Core/Src/midi.o
                0x0000000008002de8                file_offset_info
 .text.track_info
                0x0000000008002dfc       0x1a Core/Src/midi.o
                0x0000000008002dfc                track_info
 .text.sysex_info
                0x0000000008002e16       0x1a Core/Src/midi.o
                0x0000000008002e16                sysex_info
 .text.key_pressure
                0x0000000008002e30       0x1a Core/Src/midi.o
                0x0000000008002e30                key_pressure
 .text.control_change
                0x0000000008002e4a       0x1a Core/Src/midi.o
                0x0000000008002e4a                control_change
 .text.program_change
                0x0000000008002e64       0x18 Core/Src/midi.o
                0x0000000008002e64                program_change
 .text.channel_pressure
                0x0000000008002e7c       0x18 Core/Src/midi.o
                0x0000000008002e7c                channel_pressure
 .text.pitch_wheel_change
                0x0000000008002e94       0x18 Core/Src/midi.o
                0x0000000008002e94                pitch_wheel_change
 .text.text_event
                0x0000000008002eac       0x16 Core/Src/midi.o
                0x0000000008002eac                text_event
 .text.copyright_notice
                0x0000000008002ec2       0x16 Core/Src/midi.o
                0x0000000008002ec2                copyright_notice
 .text.track_name
                0x0000000008002ed8       0x16 Core/Src/midi.o
                0x0000000008002ed8                track_name
 .text.lyric    0x0000000008002eee       0x18 Core/Src/midi.o
                0x0000000008002eee                lyric
 .text.marker   0x0000000008002f06       0x18 Core/Src/midi.o
                0x0000000008002f06                marker
 .text.end_of_track
                0x0000000008002f1e       0x14 Core/Src/midi.o
                0x0000000008002f1e                end_of_track
 .text.smpte_offset
                0x0000000008002f32       0x1a Core/Src/midi.o
                0x0000000008002f32                smpte_offset
 .text.time_signature
                0x0000000008002f4c       0x1a Core/Src/midi.o
                0x0000000008002f4c                time_signature
 .text.key_signature
                0x0000000008002f66       0x1a Core/Src/midi.o
                0x0000000008002f66                key_signature
 .text.unknown_meta
                0x0000000008002f80       0x1a Core/Src/midi.o
                0x0000000008002f80                unknown_meta
 .text.intvar   0x0000000008002f9a       0x3e Core/Src/midi.o
                0x0000000008002f9a                intvar
 .text.int1     0x0000000008002fd8       0x2e Core/Src/midi.o
                0x0000000008002fd8                int1
 .text.int2     0x0000000008003006       0x42 Core/Src/midi.o
                0x0000000008003006                int2
 .text.int4     0x0000000008003048       0x6a Core/Src/midi.o
                0x0000000008003048                int4
 .text.eat      0x00000000080030b2       0x42 Core/Src/midi.o
                0x00000000080030b2                eat
 .text.midi_event
                0x00000000080030f4      0x17a Core/Src/midi.o
                0x00000000080030f4                midi_event
 *fill*         0x000000000800326e        0x2 
 .text.meta_event
                0x0000000008003270      0x2c4 Core/Src/midi.o
                0x0000000008003270                meta_event
 .text.sysex_event
                0x0000000008003534       0x62 Core/Src/midi.o
                0x0000000008003534                sysex_event
 *fill*         0x0000000008003596        0x2 
 .text.init_track
                0x0000000008003598       0x64 Core/Src/midi.o
                0x0000000008003598                init_track
 .text.track_interpret
                0x00000000080035fc       0xec Core/Src/midi.o
                0x00000000080035fc                track_interpret
 .text.midi_play
                0x00000000080036e8       0xc4 Core/Src/midi.o
                0x00000000080036e8                midi_play
 .text.midi_init
                0x00000000080037ac       0xfc Core/Src/midi.o
                0x00000000080037ac                midi_init
 .text.HAL_MspInit
                0x00000000080038a8       0x50 Core/Src/stm32f4xx_hal_msp.o
                0x00000000080038a8                HAL_MspInit
 .text.HAL_DAC_MspInit
                0x00000000080038f8       0x88 Core/Src/stm32f4xx_hal_msp.o
                0x00000000080038f8                HAL_DAC_MspInit
 .text.HAL_I2C_MspInit
                0x0000000008003980      0x140 Core/Src/stm32f4xx_hal_msp.o
                0x0000000008003980                HAL_I2C_MspInit
 .text.HAL_I2S_MspInit
                0x0000000008003ac0      0x18c Core/Src/stm32f4xx_hal_msp.o
                0x0000000008003ac0                HAL_I2S_MspInit
 .text.HAL_SD_MspInit
                0x0000000008003c4c       0xd0 Core/Src/stm32f4xx_hal_msp.o
                0x0000000008003c4c                HAL_SD_MspInit
 .text.HAL_TIM_Base_MspInit
                0x0000000008003d1c       0xa8 Core/Src/stm32f4xx_hal_msp.o
                0x0000000008003d1c                HAL_TIM_Base_MspInit
 .text.NMI_Handler
                0x0000000008003dc4        0xe Core/Src/stm32f4xx_it.o
                0x0000000008003dc4                NMI_Handler
 .text.HardFault_Handler
                0x0000000008003dd2        0x6 Core/Src/stm32f4xx_it.o
                0x0000000008003dd2                HardFault_Handler
 .text.MemManage_Handler
                0x0000000008003dd8        0x6 Core/Src/stm32f4xx_it.o
                0x0000000008003dd8                MemManage_Handler
 .text.BusFault_Handler
                0x0000000008003dde        0x6 Core/Src/stm32f4xx_it.o
                0x0000000008003dde                BusFault_Handler
 .text.UsageFault_Handler
                0x0000000008003de4        0x6 Core/Src/stm32f4xx_it.o
                0x0000000008003de4                UsageFault_Handler
 .text.SVC_Handler
                0x0000000008003dea        0xe Core/Src/stm32f4xx_it.o
                0x0000000008003dea                SVC_Handler
 .text.DebugMon_Handler
                0x0000000008003df8        0xe Core/Src/stm32f4xx_it.o
                0x0000000008003df8                DebugMon_Handler
 .text.PendSV_Handler
                0x0000000008003e06        0xe Core/Src/stm32f4xx_it.o
                0x0000000008003e06                PendSV_Handler
 .text.SysTick_Handler
                0x0000000008003e14        0xc Core/Src/stm32f4xx_it.o
                0x0000000008003e14                SysTick_Handler
 .text.EXTI1_IRQHandler
                0x0000000008003e20        0xe Core/Src/stm32f4xx_it.o
                0x0000000008003e20                EXTI1_IRQHandler
 .text.EXTI2_IRQHandler
                0x0000000008003e2e        0xe Core/Src/stm32f4xx_it.o
                0x0000000008003e2e                EXTI2_IRQHandler
 .text.EXTI3_IRQHandler
                0x0000000008003e3c        0xe Core/Src/stm32f4xx_it.o
                0x0000000008003e3c                EXTI3_IRQHandler
 *fill*         0x0000000008003e4a        0x2 
 .text.DMA1_Stream5_IRQHandler
                0x0000000008003e4c       0x14 Core/Src/stm32f4xx_it.o
                0x0000000008003e4c                DMA1_Stream5_IRQHandler
 .text.DMA2_Stream5_IRQHandler
                0x0000000008003e60       0x14 Core/Src/stm32f4xx_it.o
                0x0000000008003e60                DMA2_Stream5_IRQHandler
 .text._sbrk    0x0000000008003e74       0x6c Core/Src/sysmem.o
                0x0000000008003e74                _sbrk
 .text.SystemInit
                0x0000000008003ee0       0x2c Core/Src/system_stm32f4xx.o
                0x0000000008003ee0                SystemInit
 .text.setRed   0x0000000008003f0c       0x48 Core/Src/visEffect.o
                0x0000000008003f0c                setRed
 .text.clearLED
                0x0000000008003f54       0x18 Core/Src/visEffect.o
                0x0000000008003f54                clearLED
 .text.visInit  0x0000000008003f6c       0x28 Core/Src/visEffect.o
                0x0000000008003f6c                visInit
 .text.visHandle
                0x0000000008003f94       0x20 Core/Src/visEffect.o
                0x0000000008003f94                visHandle
 .text.ws2812b_gpio_init
                0x0000000008003fb4       0xa0 Core/Src/ws2812b.o
 .text.TIM1_init
                0x0000000008004054      0x184 Core/Src/ws2812b.o
 .text.DMA2_init
                0x00000000080041d8      0x1dc Core/Src/ws2812b.o
 .text.loadNextFramebufferData
                0x00000000080043b4       0x7c Core/Src/ws2812b.o
 .text.WS2812_sendbuf
                0x0000000008004430      0x200 Core/Src/ws2812b.o
 .text.DMA_TransferError
                0x0000000008004630       0x1e Core/Src/ws2812b.o
                0x0000000008004630                DMA_TransferError
 *fill*         0x000000000800464e        0x2 
 .text.DMA_TransferHalfHandler
                0x0000000008004650       0x5c Core/Src/ws2812b.o
                0x0000000008004650                DMA_TransferHalfHandler
 .text.DMA_TransferCompleteHandler
                0x00000000080046ac      0x134 Core/Src/ws2812b.o
                0x00000000080046ac                DMA_TransferCompleteHandler
 .text.DMA2_Stream2_IRQHandler
                0x00000000080047e0       0x28 Core/Src/ws2812b.o
                0x00000000080047e0                DMA2_Stream2_IRQHandler
 .text.TIM1_UP_TIM10_IRQHandler
                0x0000000008004808       0x28 Core/Src/ws2812b.o
                0x0000000008004808                TIM1_UP_TIM10_IRQHandler
 .text.HAL_TIM_PeriodElapsedCallback
                0x0000000008004830       0x60 Core/Src/ws2812b.o
                0x0000000008004830                HAL_TIM_PeriodElapsedCallback
 .text.ws2812b_set_pixel
                0x0000000008004890      0x1cc Core/Src/ws2812b.o
 .text.ws2812b_init
                0x0000000008004a5c       0x20 Core/Src/ws2812b.o
                0x0000000008004a5c                ws2812b_init
 .text.ws2812b_handle
                0x0000000008004a7c       0x20 Core/Src/ws2812b.o
                0x0000000008004a7c                ws2812b_handle
 .text.Reset_Handler
                0x0000000008004a9c       0x50 Core/Startup/startup_stm32f407vgtx.o
                0x0000000008004a9c                Reset_Handler
 .text.Default_Handler
                0x0000000008004aec        0x2 Core/Startup/startup_stm32f407vgtx.o
                0x0000000008004aec                RTC_Alarm_IRQHandler
                0x0000000008004aec                HASH_RNG_IRQHandler
                0x0000000008004aec                TIM8_CC_IRQHandler
                0x0000000008004aec                TIM1_CC_IRQHandler
                0x0000000008004aec                PVD_IRQHandler
                0x0000000008004aec                SDIO_IRQHandler
                0x0000000008004aec                TAMP_STAMP_IRQHandler
                0x0000000008004aec                CAN2_RX1_IRQHandler
                0x0000000008004aec                TIM8_TRG_COM_TIM14_IRQHandler
                0x0000000008004aec                TIM8_UP_TIM13_IRQHandler
                0x0000000008004aec                I2C3_ER_IRQHandler
                0x0000000008004aec                EXTI0_IRQHandler
                0x0000000008004aec                I2C2_EV_IRQHandler
                0x0000000008004aec                DMA1_Stream2_IRQHandler
                0x0000000008004aec                CAN1_RX0_IRQHandler
                0x0000000008004aec                FPU_IRQHandler
                0x0000000008004aec                OTG_HS_WKUP_IRQHandler
                0x0000000008004aec                CAN2_SCE_IRQHandler
                0x0000000008004aec                SPI1_IRQHandler
                0x0000000008004aec                TIM1_BRK_TIM9_IRQHandler
                0x0000000008004aec                DCMI_IRQHandler
                0x0000000008004aec                CAN2_RX0_IRQHandler
                0x0000000008004aec                DMA2_Stream3_IRQHandler
                0x0000000008004aec                USART6_IRQHandler
                0x0000000008004aec                USART3_IRQHandler
                0x0000000008004aec                CAN1_RX1_IRQHandler
                0x0000000008004aec                UART5_IRQHandler
                0x0000000008004aec                DMA2_Stream0_IRQHandler
                0x0000000008004aec                TIM4_IRQHandler
                0x0000000008004aec                I2C1_EV_IRQHandler
                0x0000000008004aec                DMA1_Stream6_IRQHandler
                0x0000000008004aec                DMA1_Stream1_IRQHandler
                0x0000000008004aec                UART4_IRQHandler
                0x0000000008004aec                TIM3_IRQHandler
                0x0000000008004aec                RCC_IRQHandler
                0x0000000008004aec                TIM8_BRK_TIM12_IRQHandler
                0x0000000008004aec                Default_Handler
                0x0000000008004aec                EXTI15_10_IRQHandler
                0x0000000008004aec                ADC_IRQHandler
                0x0000000008004aec                DMA1_Stream7_IRQHandler
                0x0000000008004aec                TIM7_IRQHandler
                0x0000000008004aec                CAN2_TX_IRQHandler
                0x0000000008004aec                TIM5_IRQHandler
                0x0000000008004aec                DMA2_Stream7_IRQHandler
                0x0000000008004aec                I2C3_EV_IRQHandler
                0x0000000008004aec                EXTI9_5_IRQHandler
                0x0000000008004aec                RTC_WKUP_IRQHandler
                0x0000000008004aec                ETH_WKUP_IRQHandler
                0x0000000008004aec                SPI2_IRQHandler
                0x0000000008004aec                OTG_HS_EP1_IN_IRQHandler
                0x0000000008004aec                DMA1_Stream0_IRQHandler
                0x0000000008004aec                CAN1_TX_IRQHandler
                0x0000000008004aec                EXTI4_IRQHandler
                0x0000000008004aec                FSMC_IRQHandler
                0x0000000008004aec                ETH_IRQHandler
                0x0000000008004aec                OTG_HS_EP1_OUT_IRQHandler
                0x0000000008004aec                WWDG_IRQHandler
                0x0000000008004aec                OTG_FS_WKUP_IRQHandler
                0x0000000008004aec                TIM1_TRG_COM_TIM11_IRQHandler
                0x0000000008004aec                OTG_HS_IRQHandler
                0x0000000008004aec                USART2_IRQHandler
                0x0000000008004aec                I2C2_ER_IRQHandler
                0x0000000008004aec                DMA2_Stream1_IRQHandler
                0x0000000008004aec                CAN1_SCE_IRQHandler
                0x0000000008004aec                FLASH_IRQHandler
                0x0000000008004aec                DMA2_Stream4_IRQHandler
                0x0000000008004aec                USART1_IRQHandler
                0x0000000008004aec                OTG_FS_IRQHandler
                0x0000000008004aec                SPI3_IRQHandler
                0x0000000008004aec                DMA1_Stream4_IRQHandler
                0x0000000008004aec                I2C1_ER_IRQHandler
                0x0000000008004aec                DMA2_Stream6_IRQHandler
                0x0000000008004aec                DMA1_Stream3_IRQHandler
 *fill*         0x0000000008004aee        0x2 
 .text.HAL_Init
                0x0000000008004af0       0x44 Drivers/STM32F4xx_HAL_Driver/Src/stm32f4xx_hal.o
                0x0000000008004af0                HAL_Init
 .text.HAL_InitTick
                0x0000000008004b34       0x60 Drivers/STM32F4xx_HAL_Driver/Src/stm32f4xx_hal.o
                0x0000000008004b34                HAL_InitTick
 .text.HAL_IncTick
                0x0000000008004b94       0x28 Drivers/STM32F4xx_HAL_Driver/Src/stm32f4xx_hal.o
                0x0000000008004b94                HAL_IncTick
 .text.HAL_GetTick
                0x0000000008004bbc       0x18 Drivers/STM32F4xx_HAL_Driver/Src/stm32f4xx_hal.o
                0x0000000008004bbc                HAL_GetTick
 .text.HAL_Delay
                0x0000000008004bd4       0x44 Drivers/STM32F4xx_HAL_Driver/Src/stm32f4xx_hal.o
                0x0000000008004bd4                HAL_Delay
 .text.__NVIC_SetPriorityGrouping
                0x0000000008004c18       0x48 Drivers/STM32F4xx_HAL_Driver/Src/stm32f4xx_hal_cortex.o
 .text.__NVIC_GetPriorityGrouping
                0x0000000008004c60       0x1c Drivers/STM32F4xx_HAL_Driver/Src/stm32f4xx_hal_cortex.o
 .text.__NVIC_EnableIRQ
                0x0000000008004c7c       0x3c Drivers/STM32F4xx_HAL_Driver/Src/stm32f4xx_hal_cortex.o
 .text.__NVIC_SetPriority
                0x0000000008004cb8       0x54 Drivers/STM32F4xx_HAL_Driver/Src/stm32f4xx_hal_cortex.o
 .text.NVIC_EncodePriority
                0x0000000008004d0c       0x66 Drivers/STM32F4xx_HAL_Driver/Src/stm32f4xx_hal_cortex.o
 *fill*         0x0000000008004d72        0x2 
 .text.SysTick_Config
                0x0000000008004d74       0x44 Drivers/STM32F4xx_HAL_Driver/Src/stm32f4xx_hal_cortex.o
 .text.HAL_NVIC_SetPriorityGrouping
                0x0000000008004db8       0x16 Drivers/STM32F4xx_HAL_Driver/Src/stm32f4xx_hal_cortex.o
                0x0000000008004db8                HAL_NVIC_SetPriorityGrouping
 .text.HAL_NVIC_SetPriority
                0x0000000008004dce       0x38 Drivers/STM32F4xx_HAL_Driver/Src/stm32f4xx_hal_cortex.o
                0x0000000008004dce                HAL_NVIC_SetPriority
 .text.HAL_NVIC_EnableIRQ
                0x0000000008004e06       0x1c Drivers/STM32F4xx_HAL_Driver/Src/stm32f4xx_hal_cortex.o
                0x0000000008004e06                HAL_NVIC_EnableIRQ
 .text.HAL_SYSTICK_Config
                0x0000000008004e22       0x18 Drivers/STM32F4xx_HAL_Driver/Src/stm32f4xx_hal_cortex.o
                0x0000000008004e22                HAL_SYSTICK_Config
 .text.HAL_DAC_Init
                0x0000000008004e3a       0x44 Drivers/STM32F4xx_HAL_Driver/Src/stm32f4xx_hal_dac.o
                0x0000000008004e3a                HAL_DAC_Init
 .text.HAL_DAC_ConfigChannel
                0x0000000008004e7e       0x9a Drivers/STM32F4xx_HAL_Driver/Src/stm32f4xx_hal_dac.o
                0x0000000008004e7e                HAL_DAC_ConfigChannel
 .text.HAL_DMA_Init
                0x0000000008004f18      0x15c Drivers/STM32F4xx_HAL_Driver/Src/stm32f4xx_hal_dma.o
                0x0000000008004f18                HAL_DMA_Init
 .text.HAL_DMA_DeInit
                0x0000000008005074       0xbc Drivers/STM32F4xx_HAL_Driver/Src/stm32f4xx_hal_dma.o
                0x0000000008005074                HAL_DMA_DeInit
 .text.HAL_DMA_Start
                0x0000000008005130       0x76 Drivers/STM32F4xx_HAL_Driver/Src/stm32f4xx_hal_dma.o
                0x0000000008005130                HAL_DMA_Start
 .text.HAL_DMA_Start_IT
                0x00000000080051a6       0xb0 Drivers/STM32F4xx_HAL_Driver/Src/stm32f4xx_hal_dma.o
                0x00000000080051a6                HAL_DMA_Start_IT
 *fill*         0x0000000008005256        0x2 
 .text.HAL_DMA_IRQHandler
                0x0000000008005258      0x314 Drivers/STM32F4xx_HAL_Driver/Src/stm32f4xx_hal_dma.o
                0x0000000008005258                HAL_DMA_IRQHandler
 .text.DMA_SetConfig
                0x000000000800556c       0x5c Drivers/STM32F4xx_HAL_Driver/Src/stm32f4xx_hal_dma.o
 .text.DMA_CalcBaseAndBitshift
                0x00000000080055c8       0x6c Drivers/STM32F4xx_HAL_Driver/Src/stm32f4xx_hal_dma.o
 .text.DMA_CheckFifoParam
                0x0000000008005634       0xf4 Drivers/STM32F4xx_HAL_Driver/Src/stm32f4xx_hal_dma.o
 .text.HAL_GPIO_Init
                0x0000000008005728      0x334 Drivers/STM32F4xx_HAL_Driver/Src/stm32f4xx_hal_gpio.o
                0x0000000008005728                HAL_GPIO_Init
 .text.HAL_GPIO_ReadPin
                0x0000000008005a5c       0x30 Drivers/STM32F4xx_HAL_Driver/Src/stm32f4xx_hal_gpio.o
                0x0000000008005a5c                HAL_GPIO_ReadPin
 .text.HAL_GPIO_WritePin
                0x0000000008005a8c       0x32 Drivers/STM32F4xx_HAL_Driver/Src/stm32f4xx_hal_gpio.o
                0x0000000008005a8c                HAL_GPIO_WritePin
 .text.HAL_GPIO_TogglePin
                0x0000000008005abe       0x36 Drivers/STM32F4xx_HAL_Driver/Src/stm32f4xx_hal_gpio.o
                0x0000000008005abe                HAL_GPIO_TogglePin
 .text.HAL_GPIO_EXTI_IRQHandler
                0x0000000008005af4       0x30 Drivers/STM32F4xx_HAL_Driver/Src/stm32f4xx_hal_gpio.o
                0x0000000008005af4                HAL_GPIO_EXTI_IRQHandler
 .text.HAL_I2C_Init
                0x0000000008005b24      0x270 Drivers/STM32F4xx_HAL_Driver/Src/stm32f4xx_hal_i2c.o
                0x0000000008005b24                HAL_I2C_Init
 .text.HAL_I2C_Master_Transmit
                0x0000000008005d94      0x1fc Drivers/STM32F4xx_HAL_Driver/Src/stm32f4xx_hal_i2c.o
                0x0000000008005d94                HAL_I2C_Master_Transmit
 .text.HAL_I2C_Master_Receive
                0x0000000008005f90      0x44c Drivers/STM32F4xx_HAL_Driver/Src/stm32f4xx_hal_i2c.o
                0x0000000008005f90                HAL_I2C_Master_Receive
 .text.HAL_I2C_IsDeviceReady
                0x00000000080063dc      0x25c Drivers/STM32F4xx_HAL_Driver/Src/stm32f4xx_hal_i2c.o
                0x00000000080063dc                HAL_I2C_IsDeviceReady
 .text.I2C_MasterRequestWrite
                0x0000000008006638      0x104 Drivers/STM32F4xx_HAL_Driver/Src/stm32f4xx_hal_i2c.o
 .text.I2C_MasterRequestRead
                0x000000000800673c      0x19c Drivers/STM32F4xx_HAL_Driver/Src/stm32f4xx_hal_i2c.o
 .text.I2C_WaitOnFlagUntilTimeout
                0x00000000080068d8       0xae Drivers/STM32F4xx_HAL_Driver/Src/stm32f4xx_hal_i2c.o
 .text.I2C_WaitOnMasterAddressFlagUntilTimeout
                0x0000000008006986       0xfe Drivers/STM32F4xx_HAL_Driver/Src/stm32f4xx_hal_i2c.o
 .text.I2C_WaitOnTXEFlagUntilTimeout
                0x0000000008006a84       0x82 Drivers/STM32F4xx_HAL_Driver/Src/stm32f4xx_hal_i2c.o
 .text.I2C_WaitOnBTFFlagUntilTimeout
                0x0000000008006b06       0x82 Drivers/STM32F4xx_HAL_Driver/Src/stm32f4xx_hal_i2c.o
 .text.I2C_WaitOnRXNEFlagUntilTimeout
                0x0000000008006b88       0xac Drivers/STM32F4xx_HAL_Driver/Src/stm32f4xx_hal_i2c.o
 .text.I2C_IsAcknowledgeFailed
                0x0000000008006c34       0x5e Drivers/STM32F4xx_HAL_Driver/Src/stm32f4xx_hal_i2c.o
 *fill*         0x0000000008006c92        0x2 
 .text.HAL_I2S_Init
                0x0000000008006c94      0x280 Drivers/STM32F4xx_HAL_Driver/Src/stm32f4xx_hal_i2s.o
                0x0000000008006c94                HAL_I2S_Init
 .text.HAL_I2S_Transmit_DMA
                0x0000000008006f14      0x150 Drivers/STM32F4xx_HAL_Driver/Src/stm32f4xx_hal_i2s.o
                0x0000000008006f14                HAL_I2S_Transmit_DMA
 .text.HAL_I2S_TxHalfCpltCallback
                0x0000000008007064       0x14 Drivers/STM32F4xx_HAL_Driver/Src/stm32f4xx_hal_i2s.o
                0x0000000008007064                HAL_I2S_TxHalfCpltCallback
 .text.HAL_I2S_TxCpltCallback
                0x0000000008007078       0x14 Drivers/STM32F4xx_HAL_Driver/Src/stm32f4xx_hal_i2s.o
                0x0000000008007078                HAL_I2S_TxCpltCallback
 .text.HAL_I2S_RxCpltCallback
                0x000000000800708c       0x14 Drivers/STM32F4xx_HAL_Driver/Src/stm32f4xx_hal_i2s.o
                0x000000000800708c                HAL_I2S_RxCpltCallback
 .text.HAL_I2S_ErrorCallback
                0x00000000080070a0       0x14 Drivers/STM32F4xx_HAL_Driver/Src/stm32f4xx_hal_i2s.o
                0x00000000080070a0                HAL_I2S_ErrorCallback
 .text.I2S_DMATxCplt
                0x00000000080070b4       0x42 Drivers/STM32F4xx_HAL_Driver/Src/stm32f4xx_hal_i2s.o
 .text.I2S_DMATxHalfCplt
                0x00000000080070f6       0x1c Drivers/STM32F4xx_HAL_Driver/Src/stm32f4xx_hal_i2s.o
 .text.I2S_DMAError
                0x0000000008007112       0x4c Drivers/STM32F4xx_HAL_Driver/Src/stm32f4xx_hal_i2s.o
 .text.I2S_Transmit_IT
                0x000000000800715e       0x5c Drivers/STM32F4xx_HAL_Driver/Src/stm32f4xx_hal_i2s.o
 .text.I2S_Receive_IT
                0x00000000080071ba       0x5e Drivers/STM32F4xx_HAL_Driver/Src/stm32f4xx_hal_i2s.o
 .text.I2S_IRQHandler
                0x0000000008007218      0x114 Drivers/STM32F4xx_HAL_Driver/Src/stm32f4xx_hal_i2s.o
 .text.HAL_I2SEx_FullDuplex_IRQHandler
                0x000000000800732c      0x2a8 Drivers/STM32F4xx_HAL_Driver/Src/stm32f4xx_hal_i2s_ex.o
                0x000000000800732c                HAL_I2SEx_FullDuplex_IRQHandler
 .text.HAL_I2SEx_TxRxCpltCallback
                0x00000000080075d4       0x14 Drivers/STM32F4xx_HAL_Driver/Src/stm32f4xx_hal_i2s_ex.o
                0x00000000080075d4                HAL_I2SEx_TxRxCpltCallback
 .text.I2SEx_TxISR_I2S
                0x00000000080075e8       0x62 Drivers/STM32F4xx_HAL_Driver/Src/stm32f4xx_hal_i2s_ex.o
 *fill*         0x000000000800764a        0x2 
 .text.I2SEx_TxISR_I2SExt
                0x000000000800764c       0x98 Drivers/STM32F4xx_HAL_Driver/Src/stm32f4xx_hal_i2s_ex.o
 .text.I2SEx_RxISR_I2S
                0x00000000080076e4       0x64 Drivers/STM32F4xx_HAL_Driver/Src/stm32f4xx_hal_i2s_ex.o
 .text.I2SEx_RxISR_I2SExt
                0x0000000008007748       0x98 Drivers/STM32F4xx_HAL_Driver/Src/stm32f4xx_hal_i2s_ex.o
 .text.HAL_RCC_OscConfig
                0x00000000080077e0      0x4e0 Drivers/STM32F4xx_HAL_Driver/Src/stm32f4xx_hal_rcc.o
                0x00000000080077e0                HAL_RCC_OscConfig
 .text.HAL_RCC_ClockConfig
                0x0000000008007cc0      0x1cc Drivers/STM32F4xx_HAL_Driver/Src/stm32f4xx_hal_rcc.o
                0x0000000008007cc0                HAL_RCC_ClockConfig
 .text.HAL_RCC_GetSysClockFreq
                0x0000000008007e8c      0x1b0 Drivers/STM32F4xx_HAL_Driver/Src/stm32f4xx_hal_rcc.o
                0x0000000008007e8c                HAL_RCC_GetSysClockFreq
 .text.HAL_RCC_GetHCLKFreq
                0x000000000800803c       0x18 Drivers/STM32F4xx_HAL_Driver/Src/stm32f4xx_hal_rcc.o
                0x000000000800803c                HAL_RCC_GetHCLKFreq
 .text.HAL_RCC_GetPCLK1Freq
                0x0000000008008054       0x28 Drivers/STM32F4xx_HAL_Driver/Src/stm32f4xx_hal_rcc.o
                0x0000000008008054                HAL_RCC_GetPCLK1Freq
 .text.HAL_RCCEx_PeriphCLKConfig
                0x000000000800807c      0x1c4 Drivers/STM32F4xx_HAL_Driver/Src/stm32f4xx_hal_rcc_ex.o
                0x000000000800807c                HAL_RCCEx_PeriphCLKConfig
 .text.HAL_RCCEx_GetPeriphCLKFreq
                0x0000000008008240       0xb8 Drivers/STM32F4xx_HAL_Driver/Src/stm32f4xx_hal_rcc_ex.o
                0x0000000008008240                HAL_RCCEx_GetPeriphCLKFreq
 .text.HAL_SD_Init
                0x00000000080082f8       0x60 Drivers/STM32F4xx_HAL_Driver/Src/stm32f4xx_hal_sd.o
                0x00000000080082f8                HAL_SD_Init
 .text.HAL_SD_InitCard
                0x0000000008008358       0xc0 Drivers/STM32F4xx_HAL_Driver/Src/stm32f4xx_hal_sd.o
                0x0000000008008358                HAL_SD_InitCard
 .text.HAL_SD_ReadBlocks
                0x0000000008008418      0x3f4 Drivers/STM32F4xx_HAL_Driver/Src/stm32f4xx_hal_sd.o
                0x0000000008008418                HAL_SD_ReadBlocks
 .text.HAL_SD_WriteBlocks
                0x000000000800880c      0x344 Drivers/STM32F4xx_HAL_Driver/Src/stm32f4xx_hal_sd.o
                0x000000000800880c                HAL_SD_WriteBlocks
 .text.HAL_SD_GetCardCSD
                0x0000000008008b50      0x348 Drivers/STM32F4xx_HAL_Driver/Src/stm32f4xx_hal_sd.o
                0x0000000008008b50                HAL_SD_GetCardCSD
 .text.HAL_SD_GetCardInfo
                0x0000000008008e98       0x58 Drivers/STM32F4xx_HAL_Driver/Src/stm32f4xx_hal_sd.o
                0x0000000008008e98                HAL_SD_GetCardInfo
 .text.HAL_SD_GetCardState
                0x0000000008008ef0       0x40 Drivers/STM32F4xx_HAL_Driver/Src/stm32f4xx_hal_sd.o
                0x0000000008008ef0                HAL_SD_GetCardState
 .text.SD_InitCard
                0x0000000008008f30      0x19a Drivers/STM32F4xx_HAL_Driver/Src/stm32f4xx_hal_sd.o
 *fill*         0x00000000080090ca        0x2 
 .text.SD_PowerON
                0x00000000080090cc      0x11c Drivers/STM32F4xx_HAL_Driver/Src/stm32f4xx_hal_sd.o
 .text.SD_SendStatus
                0x00000000080091e8       0x50 Drivers/STM32F4xx_HAL_Driver/Src/stm32f4xx_hal_sd.o
 .text.HAL_TIM_Base_Init
                0x0000000008009238       0x56 Drivers/STM32F4xx_HAL_Driver/Src/stm32f4xx_hal_tim.o
                0x0000000008009238                HAL_TIM_Base_Init
 .text.HAL_TIM_Base_Start
                0x000000000800928e       0x48 Drivers/STM32F4xx_HAL_Driver/Src/stm32f4xx_hal_tim.o
                0x000000000800928e                HAL_TIM_Base_Start
 .text.HAL_TIM_PWM_Init
                0x00000000080092d6       0x56 Drivers/STM32F4xx_HAL_Driver/Src/stm32f4xx_hal_tim.o
                0x00000000080092d6                HAL_TIM_PWM_Init
 .text.HAL_TIM_PWM_MspInit
                0x000000000800932c       0x14 Drivers/STM32F4xx_HAL_Driver/Src/stm32f4xx_hal_tim.o
                0x000000000800932c                HAL_TIM_PWM_MspInit
 .text.HAL_TIM_PWM_Start
                0x0000000008009340       0x7c Drivers/STM32F4xx_HAL_Driver/Src/stm32f4xx_hal_tim.o
                0x0000000008009340                HAL_TIM_PWM_Start
 .text.HAL_TIM_IRQHandler
                0x00000000080093bc      0x210 Drivers/STM32F4xx_HAL_Driver/Src/stm32f4xx_hal_tim.o
                0x00000000080093bc                HAL_TIM_IRQHandler
 .text.HAL_TIM_PWM_ConfigChannel
                0x00000000080095cc      0x18c Drivers/STM32F4xx_HAL_Driver/Src/stm32f4xx_hal_tim.o
                0x00000000080095cc                HAL_TIM_PWM_ConfigChannel
 .text.HAL_TIM_ConfigClockSource
                0x0000000008009758      0x16e Drivers/STM32F4xx_HAL_Driver/Src/stm32f4xx_hal_tim.o
                0x0000000008009758                HAL_TIM_ConfigClockSource
 .text.HAL_TIM_OC_DelayElapsedCallback
                0x00000000080098c6       0x14 Drivers/STM32F4xx_HAL_Driver/Src/stm32f4xx_hal_tim.o
                0x00000000080098c6                HAL_TIM_OC_DelayElapsedCallback
 .text.HAL_TIM_IC_CaptureCallback
                0x00000000080098da       0x14 Drivers/STM32F4xx_HAL_Driver/Src/stm32f4xx_hal_tim.o
                0x00000000080098da                HAL_TIM_IC_CaptureCallback
 .text.HAL_TIM_PWM_PulseFinishedCallback
                0x00000000080098ee       0x14 Drivers/STM32F4xx_HAL_Driver/Src/stm32f4xx_hal_tim.o
                0x00000000080098ee                HAL_TIM_PWM_PulseFinishedCallback
 .text.HAL_TIM_TriggerCallback
                0x0000000008009902       0x14 Drivers/STM32F4xx_HAL_Driver/Src/stm32f4xx_hal_tim.o
                0x0000000008009902                HAL_TIM_TriggerCallback
 *fill*         0x0000000008009916        0x2 
 .text.TIM_Base_SetConfig
                0x0000000008009918      0x140 Drivers/STM32F4xx_HAL_Driver/Src/stm32f4xx_hal_tim.o
                0x0000000008009918                TIM_Base_SetConfig
 .text.TIM_OC1_SetConfig
                0x0000000008009a58       0xe0 Drivers/STM32F4xx_HAL_Driver/Src/stm32f4xx_hal_tim.o
 .text.TIM_OC2_SetConfig
                0x0000000008009b38       0xec Drivers/STM32F4xx_HAL_Driver/Src/stm32f4xx_hal_tim.o
                0x0000000008009b38                TIM_OC2_SetConfig
 .text.TIM_OC3_SetConfig
                0x0000000008009c24       0xe8 Drivers/STM32F4xx_HAL_Driver/Src/stm32f4xx_hal_tim.o
 .text.TIM_OC4_SetConfig
                0x0000000008009d0c       0xac Drivers/STM32F4xx_HAL_Driver/Src/stm32f4xx_hal_tim.o
 .text.TIM_TI1_ConfigInputStage
                0x0000000008009db8       0x5e Drivers/STM32F4xx_HAL_Driver/Src/stm32f4xx_hal_tim.o
 .text.TIM_TI2_ConfigInputStage
                0x0000000008009e16       0x60 Drivers/STM32F4xx_HAL_Driver/Src/stm32f4xx_hal_tim.o
 .text.TIM_ITRx_SetConfig
                0x0000000008009e76       0x36 Drivers/STM32F4xx_HAL_Driver/Src/stm32f4xx_hal_tim.o
 .text.TIM_ETR_SetConfig
                0x0000000008009eac       0x40 Drivers/STM32F4xx_HAL_Driver/Src/stm32f4xx_hal_tim.o
                0x0000000008009eac                TIM_ETR_SetConfig
 .text.TIM_CCxChannelCmd
                0x0000000008009eec       0x4a Drivers/STM32F4xx_HAL_Driver/Src/stm32f4xx_hal_tim.o
                0x0000000008009eec                TIM_CCxChannelCmd
 *fill*         0x0000000008009f36        0x2 
 .text.HAL_TIMEx_MasterConfigSynchronization
                0x0000000008009f38       0xf8 Drivers/STM32F4xx_HAL_Driver/Src/stm32f4xx_hal_tim_ex.o
                0x0000000008009f38                HAL_TIMEx_MasterConfigSynchronization
 .text.HAL_TIMEx_CommutCallback
                0x000000000800a030       0x14 Drivers/STM32F4xx_HAL_Driver/Src/stm32f4xx_hal_tim_ex.o
                0x000000000800a030                HAL_TIMEx_CommutCallback
 .text.HAL_TIMEx_BreakCallback
                0x000000000800a044       0x14 Drivers/STM32F4xx_HAL_Driver/Src/stm32f4xx_hal_tim_ex.o
                0x000000000800a044                HAL_TIMEx_BreakCallback
 .text.SDIO_Init
                0x000000000800a058       0x56 Drivers/STM32F4xx_HAL_Driver/Src/stm32f4xx_ll_sdmmc.o
                0x000000000800a058                SDIO_Init
 .text.SDIO_ReadFIFO
                0x000000000800a0ae       0x1a Drivers/STM32F4xx_HAL_Driver/Src/stm32f4xx_ll_sdmmc.o
                0x000000000800a0ae                SDIO_ReadFIFO
 .text.SDIO_WriteFIFO
                0x000000000800a0c8       0x22 Drivers/STM32F4xx_HAL_Driver/Src/stm32f4xx_ll_sdmmc.o
                0x000000000800a0c8                SDIO_WriteFIFO
 .text.SDIO_PowerState_ON
                0x000000000800a0ea       0x1e Drivers/STM32F4xx_HAL_Driver/Src/stm32f4xx_ll_sdmmc.o
                0x000000000800a0ea                SDIO_PowerState_ON
 .text.SDIO_GetPowerState
                0x000000000800a108       0x1c Drivers/STM32F4xx_HAL_Driver/Src/stm32f4xx_ll_sdmmc.o
                0x000000000800a108                SDIO_GetPowerState
 .text.SDIO_SendCommand
                0x000000000800a124       0x54 Drivers/STM32F4xx_HAL_Driver/Src/stm32f4xx_ll_sdmmc.o
                0x000000000800a124                SDIO_SendCommand
 .text.SDIO_GetCommandResponse
                0x000000000800a178       0x1a Drivers/STM32F4xx_HAL_Driver/Src/stm32f4xx_ll_sdmmc.o
                0x000000000800a178                SDIO_GetCommandResponse
 .text.SDIO_GetResponse
                0x000000000800a192       0x26 Drivers/STM32F4xx_HAL_Driver/Src/stm32f4xx_ll_sdmmc.o
                0x000000000800a192                SDIO_GetResponse
 .text.SDIO_ConfigData
                0x000000000800a1b8       0x58 Drivers/STM32F4xx_HAL_Driver/Src/stm32f4xx_ll_sdmmc.o
                0x000000000800a1b8                SDIO_ConfigData
 .text.SDMMC_CmdBlockLength
                0x000000000800a210       0x44 Drivers/STM32F4xx_HAL_Driver/Src/stm32f4xx_ll_sdmmc.o
                0x000000000800a210                SDMMC_CmdBlockLength
 .text.SDMMC_CmdReadSingleBlock
                0x000000000800a254       0x44 Drivers/STM32F4xx_HAL_Driver/Src/stm32f4xx_ll_sdmmc.o
                0x000000000800a254                SDMMC_CmdReadSingleBlock
 .text.SDMMC_CmdReadMultiBlock
                0x000000000800a298       0x44 Drivers/STM32F4xx_HAL_Driver/Src/stm32f4xx_ll_sdmmc.o
                0x000000000800a298                SDMMC_CmdReadMultiBlock
 .text.SDMMC_CmdWriteSingleBlock
                0x000000000800a2dc       0x44 Drivers/STM32F4xx_HAL_Driver/Src/stm32f4xx_ll_sdmmc.o
                0x000000000800a2dc                SDMMC_CmdWriteSingleBlock
 .text.SDMMC_CmdWriteMultiBlock
                0x000000000800a320       0x44 Drivers/STM32F4xx_HAL_Driver/Src/stm32f4xx_ll_sdmmc.o
                0x000000000800a320                SDMMC_CmdWriteMultiBlock
 .text.SDMMC_CmdStopTransfer
                0x000000000800a364       0x44 Drivers/STM32F4xx_HAL_Driver/Src/stm32f4xx_ll_sdmmc.o
                0x000000000800a364                SDMMC_CmdStopTransfer
 .text.SDMMC_CmdSelDesel
                0x000000000800a3a8       0x46 Drivers/STM32F4xx_HAL_Driver/Src/stm32f4xx_ll_sdmmc.o
                0x000000000800a3a8                SDMMC_CmdSelDesel
 .text.SDMMC_CmdGoIdleState
                0x000000000800a3ee       0x3c Drivers/STM32F4xx_HAL_Driver/Src/stm32f4xx_ll_sdmmc.o
                0x000000000800a3ee                SDMMC_CmdGoIdleState
 .text.SDMMC_CmdOperCond
                0x000000000800a42a       0x3e Drivers/STM32F4xx_HAL_Driver/Src/stm32f4xx_ll_sdmmc.o
                0x000000000800a42a                SDMMC_CmdOperCond
 .text.SDMMC_CmdAppCommand
                0x000000000800a468       0x44 Drivers/STM32F4xx_HAL_Driver/Src/stm32f4xx_ll_sdmmc.o
                0x000000000800a468                SDMMC_CmdAppCommand
 .text.SDMMC_CmdAppOperCommand
                0x000000000800a4ac       0x46 Drivers/STM32F4xx_HAL_Driver/Src/stm32f4xx_ll_sdmmc.o
                0x000000000800a4ac                SDMMC_CmdAppOperCommand
 .text.SDMMC_CmdSendCID
                0x000000000800a4f2       0x3c Drivers/STM32F4xx_HAL_Driver/Src/stm32f4xx_ll_sdmmc.o
                0x000000000800a4f2                SDMMC_CmdSendCID
 .text.SDMMC_CmdSendCSD
                0x000000000800a52e       0x3e Drivers/STM32F4xx_HAL_Driver/Src/stm32f4xx_ll_sdmmc.o
                0x000000000800a52e                SDMMC_CmdSendCSD
 .text.SDMMC_CmdSetRelAdd
                0x000000000800a56c       0x42 Drivers/STM32F4xx_HAL_Driver/Src/stm32f4xx_ll_sdmmc.o
                0x000000000800a56c                SDMMC_CmdSetRelAdd
 .text.SDMMC_CmdSendStatus
                0x000000000800a5ae       0x44 Drivers/STM32F4xx_HAL_Driver/Src/stm32f4xx_ll_sdmmc.o
                0x000000000800a5ae                SDMMC_CmdSendStatus
 *fill*         0x000000000800a5f2        0x2 
 .text.SDMMC_GetCmdError
                0x000000000800a5f4       0x50 Drivers/STM32F4xx_HAL_Driver/Src/stm32f4xx_ll_sdmmc.o
 .text.SDMMC_GetCmdResp1
                0x000000000800a644      0x1d8 Drivers/STM32F4xx_HAL_Driver/Src/stm32f4xx_ll_sdmmc.o
 .text.SDMMC_GetCmdResp2
                0x000000000800a81c       0x8c Drivers/STM32F4xx_HAL_Driver/Src/stm32f4xx_ll_sdmmc.o
 .text.SDMMC_GetCmdResp3
                0x000000000800a8a8       0x74 Drivers/STM32F4xx_HAL_Driver/Src/stm32f4xx_ll_sdmmc.o
 .text.SDMMC_GetCmdResp6
                0x000000000800a91c       0xe8 Drivers/STM32F4xx_HAL_Driver/Src/stm32f4xx_ll_sdmmc.o
 .text.SDMMC_GetCmdResp7
                0x000000000800aa04       0x98 Drivers/STM32F4xx_HAL_Driver/Src/stm32f4xx_ll_sdmmc.o
 .text.MX_FATFS_Init
                0x000000000800aa9c       0x24 FATFS/App/fatfs.o
                0x000000000800aa9c                MX_FATFS_Init
 .text.get_fattime
                0x000000000800aac0       0x10 FATFS/App/fatfs.o
                0x000000000800aac0                get_fattime
 .text.BSP_SD_Init
                0x000000000800aad0       0x30 FATFS/Target/bsp_driver_sd.o
                0x000000000800aad0                BSP_SD_Init
 .text.BSP_SD_ReadBlocks
                0x000000000800ab00       0x3c FATFS/Target/bsp_driver_sd.o
                0x000000000800ab00                BSP_SD_ReadBlocks
 .text.BSP_SD_WriteBlocks
                0x000000000800ab3c       0x3c FATFS/Target/bsp_driver_sd.o
                0x000000000800ab3c                BSP_SD_WriteBlocks
 .text.BSP_SD_GetCardState
                0x000000000800ab78       0x20 FATFS/Target/bsp_driver_sd.o
                0x000000000800ab78                BSP_SD_GetCardState
 .text.BSP_SD_GetCardInfo
                0x000000000800ab98       0x1c FATFS/Target/bsp_driver_sd.o
                0x000000000800ab98                BSP_SD_GetCardInfo
 .text.BSP_SD_IsDetected
                0x000000000800abb4       0x1a FATFS/Target/bsp_driver_sd.o
                0x000000000800abb4                BSP_SD_IsDetected
 *fill*         0x000000000800abce        0x2 
 .text.SD_CheckStatus
                0x000000000800abd0       0x3c FATFS/Target/sd_diskio.o
 .text.SD_initialize
                0x000000000800ac0c       0x3c FATFS/Target/sd_diskio.o
                0x000000000800ac0c                SD_initialize
 .text.SD_status
                0x000000000800ac48       0x1c FATFS/Target/sd_diskio.o
                0x000000000800ac48                SD_status
 .text.SD_read  0x000000000800ac64       0x42 FATFS/Target/sd_diskio.o
                0x000000000800ac64                SD_read
 .text.SD_write
                0x000000000800aca6       0x42 FATFS/Target/sd_diskio.o
                0x000000000800aca6                SD_write
 .text.SD_ioctl
                0x000000000800ace8       0xb0 FATFS/Target/sd_diskio.o
                0x000000000800ace8                SD_ioctl
 .text.disk_status
                0x000000000800ad98       0x34 Middlewares/Third_Party/FatFs/src/diskio.o
                0x000000000800ad98                disk_status
 .text.disk_initialize
                0x000000000800adcc       0x4c Middlewares/Third_Party/FatFs/src/diskio.o
                0x000000000800adcc                disk_initialize
 .text.disk_read
                0x000000000800ae18       0x40 Middlewares/Third_Party/FatFs/src/diskio.o
                0x000000000800ae18                disk_read
 .text.disk_write
                0x000000000800ae58       0x40 Middlewares/Third_Party/FatFs/src/diskio.o
                0x000000000800ae58                disk_write
 .text.disk_ioctl
                0x000000000800ae98       0x3c Middlewares/Third_Party/FatFs/src/diskio.o
                0x000000000800ae98                disk_ioctl
 .text.ld_word  0x000000000800aed4       0x30 Middlewares/Third_Party/FatFs/src/ff.o
 .text.ld_dword
                0x000000000800af04       0x46 Middlewares/Third_Party/FatFs/src/ff.o
 .text.st_word  0x000000000800af4a       0x36 Middlewares/Third_Party/FatFs/src/ff.o
 .text.st_dword
                0x000000000800af80       0x58 Middlewares/Third_Party/FatFs/src/ff.o
 .text.mem_cpy  0x000000000800afd8       0x42 Middlewares/Third_Party/FatFs/src/ff.o
 .text.mem_set  0x000000000800b01a       0x34 Middlewares/Third_Party/FatFs/src/ff.o
 .text.mem_cmp  0x000000000800b04e       0x4e Middlewares/Third_Party/FatFs/src/ff.o
 .text.chk_chr  0x000000000800b09c       0x36 Middlewares/Third_Party/FatFs/src/ff.o
 *fill*         0x000000000800b0d2        0x2 
 .text.chk_lock
                0x000000000800b0d4       0xb8 Middlewares/Third_Party/FatFs/src/ff.o
 .text.enq_lock
                0x000000000800b18c       0x44 Middlewares/Third_Party/FatFs/src/ff.o
 .text.inc_lock
                0x000000000800b1d0      0x11c Middlewares/Third_Party/FatFs/src/ff.o
 .text.dec_lock
                0x000000000800b2ec       0x78 Middlewares/Third_Party/FatFs/src/ff.o
 .text.clear_lock
                0x000000000800b364       0x48 Middlewares/Third_Party/FatFs/src/ff.o
 .text.sync_window
                0x000000000800b3ac       0x88 Middlewares/Third_Party/FatFs/src/ff.o
 .text.move_window
                0x000000000800b434       0x5a Middlewares/Third_Party/FatFs/src/ff.o
 *fill*         0x000000000800b48e        0x2 
 .text.sync_fs  0x000000000800b490       0xe0 Middlewares/Third_Party/FatFs/src/ff.o
 .text.clust2sect
                0x000000000800b570       0x3e Middlewares/Third_Party/FatFs/src/ff.o
 .text.get_fat  0x000000000800b5ae      0x1a0 Middlewares/Third_Party/FatFs/src/ff.o
 .text.put_fat  0x000000000800b74e      0x22e Middlewares/Third_Party/FatFs/src/ff.o
 .text.remove_chain
                0x000000000800b97c       0xca Middlewares/Third_Party/FatFs/src/ff.o
 .text.create_chain
                0x000000000800ba46      0x130 Middlewares/Third_Party/FatFs/src/ff.o
 .text.clmt_clust
                0x000000000800bb76       0x70 Middlewares/Third_Party/FatFs/src/ff.o
 .text.dir_sdi  0x000000000800bbe6      0x112 Middlewares/Third_Party/FatFs/src/ff.o
 .text.dir_next
                0x000000000800bcf8      0x1ac Middlewares/Third_Party/FatFs/src/ff.o
 .text.dir_alloc
                0x000000000800bea4       0x8e Middlewares/Third_Party/FatFs/src/ff.o
 .text.ld_clust
                0x000000000800bf32       0x3e Middlewares/Third_Party/FatFs/src/ff.o
 .text.st_clust
                0x000000000800bf70       0x40 Middlewares/Third_Party/FatFs/src/ff.o
 .text.dir_find
                0x000000000800bfb0       0xaa Middlewares/Third_Party/FatFs/src/ff.o
 .text.dir_register
                0x000000000800c05a       0x64 Middlewares/Third_Party/FatFs/src/ff.o
 *fill*         0x000000000800c0be        0x2 
 .text.create_name
                0x000000000800c0c0      0x128 Middlewares/Third_Party/FatFs/src/ff.o
 .text.follow_path
                0x000000000800c1e8       0xec Middlewares/Third_Party/FatFs/src/ff.o
 .text.get_ldnumber
                0x000000000800c2d4       0x88 Middlewares/Third_Party/FatFs/src/ff.o
 .text.check_fs
                0x000000000800c35c       0xac Middlewares/Third_Party/FatFs/src/ff.o
 .text.find_volume
                0x000000000800c408      0x508 Middlewares/Third_Party/FatFs/src/ff.o
 .text.validate
                0x000000000800c910       0x6a Middlewares/Third_Party/FatFs/src/ff.o
 *fill*         0x000000000800c97a        0x2 
 .text.f_mount  0x000000000800c97c       0x8c Middlewares/Third_Party/FatFs/src/ff.o
                0x000000000800c97c                f_mount
 .text.f_open   0x000000000800ca08      0x398 Middlewares/Third_Party/FatFs/src/ff.o
                0x000000000800ca08                f_open
 .text.f_read   0x000000000800cda0      0x2be Middlewares/Third_Party/FatFs/src/ff.o
                0x000000000800cda0                f_read
 .text.f_sync   0x000000000800d05e       0xfc Middlewares/Third_Party/FatFs/src/ff.o
                0x000000000800d05e                f_sync
 .text.f_close  0x000000000800d15a       0x54 Middlewares/Third_Party/FatFs/src/ff.o
                0x000000000800d15a                f_close
 *fill*         0x000000000800d1ae        0x2 
 .text.FATFS_LinkDriverEx
                0x000000000800d1b0       0x98 Middlewares/Third_Party/FatFs/src/ff_gen_drv.o
                0x000000000800d1b0                FATFS_LinkDriverEx
 .text.FATFS_LinkDriver
                0x000000000800d248       0x1e Middlewares/Third_Party/FatFs/src/ff_gen_drv.o
                0x000000000800d248                FATFS_LinkDriver
 *fill*         0x000000000800d266        0x2 
 .text.__errno  0x000000000800d268        0xc c:/st/stm32cubeide_1.4.0/stm32cubeide/plugins/com.st.stm32cube.ide.mcu.externaltools.gnu-tools-for-stm32.7-2018-q2-update.win32_1.5.0.202011040924/tools/bin/../lib/gcc/arm-none-eabi/7.3.1/../../../../arm-none-eabi/lib/thumb/v7e-m/fpv4-sp/hard\libc_nano.a(lib_a-errno.o)
                0x000000000800d268                __errno
 .text.__libc_init_array
                0x000000000800d274       0x48 c:/st/stm32cubeide_1.4.0/stm32cubeide/plugins/com.st.stm32cube.ide.mcu.externaltools.gnu-tools-for-stm32.7-2018-q2-update.win32_1.5.0.202011040924/tools/bin/../lib/gcc/arm-none-eabi/7.3.1/../../../../arm-none-eabi/lib/thumb/v7e-m/fpv4-sp/hard\libc_nano.a(lib_a-init.o)
                0x000000000800d274                __libc_init_array
 .text.memcpy   0x000000000800d2bc       0x16 c:/st/stm32cubeide_1.4.0/stm32cubeide/plugins/com.st.stm32cube.ide.mcu.externaltools.gnu-tools-for-stm32.7-2018-q2-update.win32_1.5.0.202011040924/tools/bin/../lib/gcc/arm-none-eabi/7.3.1/../../../../arm-none-eabi/lib/thumb/v7e-m/fpv4-sp/hard\libc_nano.a(lib_a-memcpy-stub.o)
                0x000000000800d2bc                memcpy
 .text.memset   0x000000000800d2d2       0x10 c:/st/stm32cubeide_1.4.0/stm32cubeide/plugins/com.st.stm32cube.ide.mcu.externaltools.gnu-tools-for-stm32.7-2018-q2-update.win32_1.5.0.202011040924/tools/bin/../lib/gcc/arm-none-eabi/7.3.1/../../../../arm-none-eabi/lib/thumb/v7e-m/fpv4-sp/hard\libc_nano.a(lib_a-memset.o)
                0x000000000800d2d2                memset
 .text.strncmp  0x000000000800d2e2       0x24 c:/st/stm32cubeide_1.4.0/stm32cubeide/plugins/com.st.stm32cube.ide.mcu.externaltools.gnu-tools-for-stm32.7-2018-q2-update.win32_1.5.0.202011040924/tools/bin/../lib/gcc/arm-none-eabi/7.3.1/../../../../arm-none-eabi/lib/thumb/v7e-m/fpv4-sp/hard\libc_nano.a(lib_a-strncmp.o)
                0x000000000800d2e2                strncmp
 *fill*         0x000000000800d306        0x2 
 .text._vsprintf_r
                0x000000000800d308       0x2c c:/st/stm32cubeide_1.4.0/stm32cubeide/plugins/com.st.stm32cube.ide.mcu.externaltools.gnu-tools-for-stm32.7-2018-q2-update.win32_1.5.0.202011040924/tools/bin/../lib/gcc/arm-none-eabi/7.3.1/../../../../arm-none-eabi/lib/thumb/v7e-m/fpv4-sp/hard\libc_nano.a(lib_a-vsprintf.o)
                0x000000000800d308                _vsprintf_r
                0x000000000800d308                _vsiprintf_r
 .text.vsprintf
                0x000000000800d334       0x14 c:/st/stm32cubeide_1.4.0/stm32cubeide/plugins/com.st.stm32cube.ide.mcu.externaltools.gnu-tools-for-stm32.7-2018-q2-update.win32_1.5.0.202011040924/tools/bin/../lib/gcc/arm-none-eabi/7.3.1/../../../../arm-none-eabi/lib/thumb/v7e-m/fpv4-sp/hard\libc_nano.a(lib_a-vsprintf.o)
                0x000000000800d334                vsiprintf
                0x000000000800d334                vsprintf
 .text.__ssputs_r
                0x000000000800d348       0xb4 c:/st/stm32cubeide_1.4.0/stm32cubeide/plugins/com.st.stm32cube.ide.mcu.externaltools.gnu-tools-for-stm32.7-2018-q2-update.win32_1.5.0.202011040924/tools/bin/../lib/gcc/arm-none-eabi/7.3.1/../../../../arm-none-eabi/lib/thumb/v7e-m/fpv4-sp/hard\libc_nano.a(lib_a-nano-svfprintf.o)
                0x000000000800d348                __ssputs_r
 .text._svfprintf_r
                0x000000000800d3fc      0x1f0 c:/st/stm32cubeide_1.4.0/stm32cubeide/plugins/com.st.stm32cube.ide.mcu.externaltools.gnu-tools-for-stm32.7-2018-q2-update.win32_1.5.0.202011040924/tools/bin/../lib/gcc/arm-none-eabi/7.3.1/../../../../arm-none-eabi/lib/thumb/v7e-m/fpv4-sp/hard\libc_nano.a(lib_a-nano-svfprintf.o)
                0x000000000800d3fc                _svfiprintf_r
                0x000000000800d3fc                _svfprintf_r
 .text._printf_common
                0x000000000800d5ec       0xea c:/st/stm32cubeide_1.4.0/stm32cubeide/plugins/com.st.stm32cube.ide.mcu.externaltools.gnu-tools-for-stm32.7-2018-q2-update.win32_1.5.0.202011040924/tools/bin/../lib/gcc/arm-none-eabi/7.3.1/../../../../arm-none-eabi/lib/thumb/v7e-m/fpv4-sp/hard\libc_nano.a(lib_a-nano-vfprintf_i.o)
                0x000000000800d5ec                _printf_common
 *fill*         0x000000000800d6d6        0x2 
 .text._printf_i
                0x000000000800d6d8      0x224 c:/st/stm32cubeide_1.4.0/stm32cubeide/plugins/com.st.stm32cube.ide.mcu.externaltools.gnu-tools-for-stm32.7-2018-q2-update.win32_1.5.0.202011040924/tools/bin/../lib/gcc/arm-none-eabi/7.3.1/../../../../arm-none-eabi/lib/thumb/v7e-m/fpv4-sp/hard\libc_nano.a(lib_a-nano-vfprintf_i.o)
                0x000000000800d6d8                _printf_i
 .text.memmove  0x000000000800d8fc       0x32 c:/st/stm32cubeide_1.4.0/stm32cubeide/plugins/com.st.stm32cube.ide.mcu.externaltools.gnu-tools-for-stm32.7-2018-q2-update.win32_1.5.0.202011040924/tools/bin/../lib/gcc/arm-none-eabi/7.3.1/../../../../arm-none-eabi/lib/thumb/v7e-m/fpv4-sp/hard\libc_nano.a(lib_a-memmove.o)
                0x000000000800d8fc                memmove
 *fill*         0x000000000800d92e        0x2 
 .text._free_r  0x000000000800d930       0x9c c:/st/stm32cubeide_1.4.0/stm32cubeide/plugins/com.st.stm32cube.ide.mcu.externaltools.gnu-tools-for-stm32.7-2018-q2-update.win32_1.5.0.202011040924/tools/bin/../lib/gcc/arm-none-eabi/7.3.1/../../../../arm-none-eabi/lib/thumb/v7e-m/fpv4-sp/hard\libc_nano.a(lib_a-nano-freer.o)
                0x000000000800d930                _free_r
 .text._malloc_r
                0x000000000800d9cc       0xb4 c:/st/stm32cubeide_1.4.0/stm32cubeide/plugins/com.st.stm32cube.ide.mcu.externaltools.gnu-tools-for-stm32.7-2018-q2-update.win32_1.5.0.202011040924/tools/bin/../lib/gcc/arm-none-eabi/7.3.1/../../../../arm-none-eabi/lib/thumb/v7e-m/fpv4-sp/hard\libc_nano.a(lib_a-nano-mallocr.o)
                0x000000000800d9cc                _malloc_r
 .text._realloc_r
                0x000000000800da80       0x4c c:/st/stm32cubeide_1.4.0/stm32cubeide/plugins/com.st.stm32cube.ide.mcu.externaltools.gnu-tools-for-stm32.7-2018-q2-update.win32_1.5.0.202011040924/tools/bin/../lib/gcc/arm-none-eabi/7.3.1/../../../../arm-none-eabi/lib/thumb/v7e-m/fpv4-sp/hard\libc_nano.a(lib_a-nano-reallocr.o)
                0x000000000800da80                _realloc_r
 .text._sbrk_r  0x000000000800dacc       0x20 c:/st/stm32cubeide_1.4.0/stm32cubeide/plugins/com.st.stm32cube.ide.mcu.externaltools.gnu-tools-for-stm32.7-2018-q2-update.win32_1.5.0.202011040924/tools/bin/../lib/gcc/arm-none-eabi/7.3.1/../../../../arm-none-eabi/lib/thumb/v7e-m/fpv4-sp/hard\libc_nano.a(lib_a-sbrkr.o)
                0x000000000800dacc                _sbrk_r
 .text.__malloc_lock
                0x000000000800daec        0x2 c:/st/stm32cubeide_1.4.0/stm32cubeide/plugins/com.st.stm32cube.ide.mcu.externaltools.gnu-tools-for-stm32.7-2018-q2-update.win32_1.5.0.202011040924/tools/bin/../lib/gcc/arm-none-eabi/7.3.1/../../../../arm-none-eabi/lib/thumb/v7e-m/fpv4-sp/hard\libc_nano.a(lib_a-mlock.o)
                0x000000000800daec                __malloc_lock
 .text.__malloc_unlock
                0x000000000800daee        0x2 c:/st/stm32cubeide_1.4.0/stm32cubeide/plugins/com.st.stm32cube.ide.mcu.externaltools.gnu-tools-for-stm32.7-2018-q2-update.win32_1.5.0.202011040924/tools/bin/../lib/gcc/arm-none-eabi/7.3.1/../../../../arm-none-eabi/lib/thumb/v7e-m/fpv4-sp/hard\libc_nano.a(lib_a-mlock.o)
                0x000000000800daee                __malloc_unlock
 .text._malloc_usable_size_r
                0x000000000800daf0       0x10 c:/st/stm32cubeide_1.4.0/stm32cubeide/plugins/com.st.stm32cube.ide.mcu.externaltools.gnu-tools-for-stm32.7-2018-q2-update.win32_1.5.0.202011040924/tools/bin/../lib/gcc/arm-none-eabi/7.3.1/../../../../arm-none-eabi/lib/thumb/v7e-m/fpv4-sp/hard\libc_nano.a(lib_a-nano-msizer.o)
                0x000000000800daf0                _malloc_usable_size_r
 .text.sin      0x000000000800db00       0x90 c:/st/stm32cubeide_1.4.0/stm32cubeide/plugins/com.st.stm32cube.ide.mcu.externaltools.gnu-tools-for-stm32.7-2018-q2-update.win32_1.5.0.202011040924/tools/bin/../lib/gcc/arm-none-eabi/7.3.1/../../../../arm-none-eabi/lib/thumb/v7e-m/fpv4-sp/hard\libm.a(lib_a-s_sin.o)
                0x000000000800db00                sin
 .text.__ieee754_rem_pio2
                0x000000000800db90      0x3e4 c:/st/stm32cubeide_1.4.0/stm32cubeide/plugins/com.st.stm32cube.ide.mcu.externaltools.gnu-tools-for-stm32.7-2018-q2-update.win32_1.5.0.202011040924/tools/bin/../lib/gcc/arm-none-eabi/7.3.1/../../../../arm-none-eabi/lib/thumb/v7e-m/fpv4-sp/hard\libm.a(lib_a-e_rem_pio2.o)
                0x000000000800db90                __ieee754_rem_pio2
 *fill*         0x000000000800df74        0x4 
 .text.__kernel_cos
                0x000000000800df78      0x18c c:/st/stm32cubeide_1.4.0/stm32cubeide/plugins/com.st.stm32cube.ide.mcu.externaltools.gnu-tools-for-stm32.7-2018-q2-update.win32_1.5.0.202011040924/tools/bin/../lib/gcc/arm-none-eabi/7.3.1/../../../../arm-none-eabi/lib/thumb/v7e-m/fpv4-sp/hard\libm.a(lib_a-k_cos.o)
                0x000000000800df78                __kernel_cos
 *fill*         0x000000000800e104        0x4 
 .text.__kernel_rem_pio2
                0x000000000800e108      0x680 c:/st/stm32cubeide_1.4.0/stm32cubeide/plugins/com.st.stm32cube.ide.mcu.externaltools.gnu-tools-for-stm32.7-2018-q2-update.win32_1.5.0.202011040924/tools/bin/../lib/gcc/arm-none-eabi/7.3.1/../../../../arm-none-eabi/lib/thumb/v7e-m/fpv4-sp/hard\libm.a(lib_a-k_rem_pio2.o)
                0x000000000800e108                __kernel_rem_pio2
 .text.__kernel_sin
                0x000000000800e788      0x174 c:/st/stm32cubeide_1.4.0/stm32cubeide/plugins/com.st.stm32cube.ide.mcu.externaltools.gnu-tools-for-stm32.7-2018-q2-update.win32_1.5.0.202011040924/tools/bin/../lib/gcc/arm-none-eabi/7.3.1/../../../../arm-none-eabi/lib/thumb/v7e-m/fpv4-sp/hard\libm.a(lib_a-k_sin.o)
                0x000000000800e788                __kernel_sin
 .text.fabs     0x000000000800e8fc       0x12 c:/st/stm32cubeide_1.4.0/stm32cubeide/plugins/com.st.stm32cube.ide.mcu.externaltools.gnu-tools-for-stm32.7-2018-q2-update.win32_1.5.0.202011040924/tools/bin/../lib/gcc/arm-none-eabi/7.3.1/../../../../arm-none-eabi/lib/thumb/v7e-m/fpv4-sp/hard\libm.a(lib_a-s_fabs.o)
                0x000000000800e8fc                fabs
 *fill*         0x000000000800e90e        0x2 
 .text.floor    0x000000000800e910      0x108 c:/st/stm32cubeide_1.4.0/stm32cubeide/plugins/com.st.stm32cube.ide.mcu.externaltools.gnu-tools-for-stm32.7-2018-q2-update.win32_1.5.0.202011040924/tools/bin/../lib/gcc/arm-none-eabi/7.3.1/../../../../arm-none-eabi/lib/thumb/v7e-m/fpv4-sp/hard\libm.a(lib_a-s_floor.o)
                0x000000000800e910                floor
 .text.scalbn   0x000000000800ea18       0xec c:/st/stm32cubeide_1.4.0/stm32cubeide/plugins/com.st.stm32cube.ide.mcu.externaltools.gnu-tools-for-stm32.7-2018-q2-update.win32_1.5.0.202011040924/tools/bin/../lib/gcc/arm-none-eabi/7.3.1/../../../../arm-none-eabi/lib/thumb/v7e-m/fpv4-sp/hard\libm.a(lib_a-s_scalbn.o)
                0x000000000800ea18                scalbn
 .text.copysign
                0x000000000800eb04       0x1e c:/st/stm32cubeide_1.4.0/stm32cubeide/plugins/com.st.stm32cube.ide.mcu.externaltools.gnu-tools-for-stm32.7-2018-q2-update.win32_1.5.0.202011040924/tools/bin/../lib/gcc/arm-none-eabi/7.3.1/../../../../arm-none-eabi/lib/thumb/v7e-m/fpv4-sp/hard\libm.a(lib_a-s_copysign.o)
                0x000000000800eb04                copysign
 *(.glue_7)
 .glue_7        0x000000000800eb22        0x0 linker stubs
 *(.glue_7t)
 .glue_7t       0x000000000800eb22        0x0 linker stubs
 *(.eh_frame)
 *fill*         0x000000000800eb22        0x2 
 .eh_frame      0x000000000800eb24        0x0 c:/st/stm32cubeide_1.4.0/stm32cubeide/plugins/com.st.stm32cube.ide.mcu.externaltools.gnu-tools-for-stm32.7-2018-q2-update.win32_1.5.0.202011040924/tools/bin/../lib/gcc/arm-none-eabi/7.3.1/thumb/v7e-m/fpv4-sp/hard/crtbegin.o
 *(.init)
 .init          0x000000000800eb24        0x4 c:/st/stm32cubeide_1.4.0/stm32cubeide/plugins/com.st.stm32cube.ide.mcu.externaltools.gnu-tools-for-stm32.7-2018-q2-update.win32_1.5.0.202011040924/tools/bin/../lib/gcc/arm-none-eabi/7.3.1/thumb/v7e-m/fpv4-sp/hard/crti.o
                0x000000000800eb24                _init
 .init          0x000000000800eb28        0x8 c:/st/stm32cubeide_1.4.0/stm32cubeide/plugins/com.st.stm32cube.ide.mcu.externaltools.gnu-tools-for-stm32.7-2018-q2-update.win32_1.5.0.202011040924/tools/bin/../lib/gcc/arm-none-eabi/7.3.1/thumb/v7e-m/fpv4-sp/hard/crtn.o
 *(.fini)
 .fini          0x000000000800eb30        0x4 c:/st/stm32cubeide_1.4.0/stm32cubeide/plugins/com.st.stm32cube.ide.mcu.externaltools.gnu-tools-for-stm32.7-2018-q2-update.win32_1.5.0.202011040924/tools/bin/../lib/gcc/arm-none-eabi/7.3.1/thumb/v7e-m/fpv4-sp/hard/crti.o
                0x000000000800eb30                _fini
 .fini          0x000000000800eb34        0x8 c:/st/stm32cubeide_1.4.0/stm32cubeide/plugins/com.st.stm32cube.ide.mcu.externaltools.gnu-tools-for-stm32.7-2018-q2-update.win32_1.5.0.202011040924/tools/bin/../lib/gcc/arm-none-eabi/7.3.1/thumb/v7e-m/fpv4-sp/hard/crtn.o
                0x000000000800eb3c                . = ALIGN (0x4)
                0x000000000800eb3c                _etext = .

.vfp11_veneer   0x000000000800eb3c        0x0
 .vfp11_veneer  0x000000000800eb3c        0x0 linker stubs

.v4_bx          0x000000000800eb3c        0x0
 .v4_bx         0x000000000800eb3c        0x0 linker stubs

.iplt           0x000000000800eb3c        0x0
 .iplt          0x000000000800eb3c        0x0 c:/st/stm32cubeide_1.4.0/stm32cubeide/plugins/com.st.stm32cube.ide.mcu.externaltools.gnu-tools-for-stm32.7-2018-q2-update.win32_1.5.0.202011040924/tools/bin/../lib/gcc/arm-none-eabi/7.3.1/thumb/v7e-m/fpv4-sp/hard/crtbegin.o

.rodata         0x000000000800eb40      0x6c0
                0x000000000800eb40                . = ALIGN (0x4)
 *(.rodata)
 .rodata        0x000000000800eb40       0x79 Core/Src/main.o
 *fill*         0x000000000800ebb9        0x3 
 .rodata        0x000000000800ebbc       0x3d Core/Src/midi.o
 *fill*         0x000000000800ebf9        0x3 
 .rodata        0x000000000800ebfc       0x44 Middlewares/Third_Party/FatFs/src/ff.o
 *(.rodata*)
 .rodata.step   0x000000000800ec40      0x200 Core/Src/main.o
                0x000000000800ec40                step
 .rodata.AHBPrescTable
                0x000000000800ee40       0x10 Core/Src/system_stm32f4xx.o
                0x000000000800ee40                AHBPrescTable
 .rodata.APBPrescTable
                0x000000000800ee50        0x8 Core/Src/system_stm32f4xx.o
                0x000000000800ee50                APBPrescTable
 .rodata.gammaTable
                0x000000000800ee58      0x100 Core/Src/ws2812b.o
                0x000000000800ee58                gammaTable
 .rodata.flagBitshiftOffset.8757
                0x000000000800ef58        0x8 Drivers/STM32F4xx_HAL_Driver/Src/stm32f4xx_hal_dma.o
 .rodata.SD_Driver
                0x000000000800ef60       0x14 FATFS/Target/sd_diskio.o
                0x000000000800ef60                SD_Driver
 .rodata.ExCvt  0x000000000800ef74       0x80 Middlewares/Third_Party/FatFs/src/ff.o
 .rodata._svfprintf_r.str1.1
                0x000000000800eff4       0x11 c:/st/stm32cubeide_1.4.0/stm32cubeide/plugins/com.st.stm32cube.ide.mcu.externaltools.gnu-tools-for-stm32.7-2018-q2-update.win32_1.5.0.202011040924/tools/bin/../lib/gcc/arm-none-eabi/7.3.1/../../../../arm-none-eabi/lib/thumb/v7e-m/fpv4-sp/hard\libc_nano.a(lib_a-nano-svfprintf.o)
 .rodata._printf_i.str1.1
                0x000000000800f005       0x22 c:/st/stm32cubeide_1.4.0/stm32cubeide/plugins/com.st.stm32cube.ide.mcu.externaltools.gnu-tools-for-stm32.7-2018-q2-update.win32_1.5.0.202011040924/tools/bin/../lib/gcc/arm-none-eabi/7.3.1/../../../../arm-none-eabi/lib/thumb/v7e-m/fpv4-sp/hard\libc_nano.a(lib_a-nano-vfprintf_i.o)
 *fill*         0x000000000800f027        0x1 
 .rodata.npio2_hw
                0x000000000800f028       0x80 c:/st/stm32cubeide_1.4.0/stm32cubeide/plugins/com.st.stm32cube.ide.mcu.externaltools.gnu-tools-for-stm32.7-2018-q2-update.win32_1.5.0.202011040924/tools/bin/../lib/gcc/arm-none-eabi/7.3.1/../../../../arm-none-eabi/lib/thumb/v7e-m/fpv4-sp/hard\libm.a(lib_a-e_rem_pio2.o)
 .rodata.two_over_pi
                0x000000000800f0a8      0x108 c:/st/stm32cubeide_1.4.0/stm32cubeide/plugins/com.st.stm32cube.ide.mcu.externaltools.gnu-tools-for-stm32.7-2018-q2-update.win32_1.5.0.202011040924/tools/bin/../lib/gcc/arm-none-eabi/7.3.1/../../../../arm-none-eabi/lib/thumb/v7e-m/fpv4-sp/hard\libm.a(lib_a-e_rem_pio2.o)
 .rodata.PIo2   0x000000000800f1b0       0x40 c:/st/stm32cubeide_1.4.0/stm32cubeide/plugins/com.st.stm32cube.ide.mcu.externaltools.gnu-tools-for-stm32.7-2018-q2-update.win32_1.5.0.202011040924/tools/bin/../lib/gcc/arm-none-eabi/7.3.1/../../../../arm-none-eabi/lib/thumb/v7e-m/fpv4-sp/hard\libm.a(lib_a-k_rem_pio2.o)
 .rodata.init_jk
                0x000000000800f1f0       0x10 c:/st/stm32cubeide_1.4.0/stm32cubeide/plugins/com.st.stm32cube.ide.mcu.externaltools.gnu-tools-for-stm32.7-2018-q2-update.win32_1.5.0.202011040924/tools/bin/../lib/gcc/arm-none-eabi/7.3.1/../../../../arm-none-eabi/lib/thumb/v7e-m/fpv4-sp/hard\libm.a(lib_a-k_rem_pio2.o)
                0x000000000800f200                . = ALIGN (0x4)

.ARM.extab      0x000000000800f200        0x0
                0x000000000800f200                . = ALIGN (0x4)
 *(.ARM.extab* .gnu.linkonce.armextab.*)
                0x000000000800f200                . = ALIGN (0x4)

.ARM            0x000000000800f200        0x8
                0x000000000800f200                . = ALIGN (0x4)
                0x000000000800f200                __exidx_start = .
 *(.ARM.exidx*)
 .ARM.exidx     0x000000000800f200        0x8 c:/st/stm32cubeide_1.4.0/stm32cubeide/plugins/com.st.stm32cube.ide.mcu.externaltools.gnu-tools-for-stm32.7-2018-q2-update.win32_1.5.0.202011040924/tools/bin/../lib/gcc/arm-none-eabi/7.3.1/thumb/v7e-m/fpv4-sp/hard\libgcc.a(_udivmoddi4.o)
                0x000000000800f208                __exidx_end = .
                0x000000000800f208                . = ALIGN (0x4)

.rel.dyn        0x000000000800f208        0x0
 .rel.iplt      0x000000000800f208        0x0 c:/st/stm32cubeide_1.4.0/stm32cubeide/plugins/com.st.stm32cube.ide.mcu.externaltools.gnu-tools-for-stm32.7-2018-q2-update.win32_1.5.0.202011040924/tools/bin/../lib/gcc/arm-none-eabi/7.3.1/thumb/v7e-m/fpv4-sp/hard/crtbegin.o

.preinit_array  0x000000000800f208        0x0
                0x000000000800f208                . = ALIGN (0x4)
                0x000000000800f208                PROVIDE (__preinit_array_start = .)
 *(.preinit_array*)
                0x000000000800f208                PROVIDE (__preinit_array_end = .)
                0x000000000800f208                . = ALIGN (0x4)

.init_array     0x000000000800f208        0x4
                0x000000000800f208                . = ALIGN (0x4)
                0x000000000800f208                PROVIDE (__init_array_start = .)
 *(SORT_BY_NAME(.init_array.*))
 *(.init_array*)
 .init_array    0x000000000800f208        0x4 c:/st/stm32cubeide_1.4.0/stm32cubeide/plugins/com.st.stm32cube.ide.mcu.externaltools.gnu-tools-for-stm32.7-2018-q2-update.win32_1.5.0.202011040924/tools/bin/../lib/gcc/arm-none-eabi/7.3.1/thumb/v7e-m/fpv4-sp/hard/crtbegin.o
                0x000000000800f20c                PROVIDE (__init_array_end = .)
                0x000000000800f20c                . = ALIGN (0x4)

.fini_array     0x000000000800f20c        0x4
                0x000000000800f20c                . = ALIGN (0x4)
                [!provide]                        PROVIDE (__fini_array_start = .)
 *(SORT_BY_NAME(.fini_array.*))
 *(.fini_array*)
 .fini_array    0x000000000800f20c        0x4 c:/st/stm32cubeide_1.4.0/stm32cubeide/plugins/com.st.stm32cube.ide.mcu.externaltools.gnu-tools-for-stm32.7-2018-q2-update.win32_1.5.0.202011040924/tools/bin/../lib/gcc/arm-none-eabi/7.3.1/thumb/v7e-m/fpv4-sp/hard/crtbegin.o
                [!provide]                        PROVIDE (__fini_array_end = .)
                0x000000000800f210                . = ALIGN (0x4)
                0x000000000800f210                _sidata = LOADADDR (.data)

.data           0x0000000020000000       0x7c load address 0x000000000800f210
                0x0000000020000000                . = ALIGN (0x4)
                0x0000000020000000                _sdata = .
 *(.data)
 *(.data*)
 .data.gMode    0x0000000020000000        0x1 Core/Src/main.o
                0x0000000020000000                gMode
 *fill*         0x0000000020000001        0x3 
 .data.SystemCoreClock
                0x0000000020000004        0x4 Core/Src/system_stm32f4xx.o
                0x0000000020000004                SystemCoreClock
 .data.WS2812_IO_High
                0x0000000020000008        0x4 Core/Src/ws2812b.o
                0x0000000020000008                WS2812_IO_High
 .data.WS2812_IO_Low
                0x000000002000000c        0x4 Core/Src/ws2812b.o
                0x000000002000000c                WS2812_IO_Low
 .data.uwTickPrio
                0x0000000020000010        0x4 Drivers/STM32F4xx_HAL_Driver/Src/stm32f4xx_hal.o
                0x0000000020000010                uwTickPrio
 .data.uwTickFreq
                0x0000000020000014        0x1 Drivers/STM32F4xx_HAL_Driver/Src/stm32f4xx_hal.o
                0x0000000020000014                uwTickFreq
 .data.Stat     0x0000000020000015        0x1 FATFS/Target/sd_diskio.o
 *fill*         0x0000000020000016        0x2 
 .data._impure_ptr
                0x0000000020000018        0x4 c:/st/stm32cubeide_1.4.0/stm32cubeide/plugins/com.st.stm32cube.ide.mcu.externaltools.gnu-tools-for-stm32.7-2018-q2-update.win32_1.5.0.202011040924/tools/bin/../lib/gcc/arm-none-eabi/7.3.1/../../../../arm-none-eabi/lib/thumb/v7e-m/fpv4-sp/hard\libc_nano.a(lib_a-impure.o)
                0x0000000020000018                _impure_ptr
 .data.impure_data
                0x000000002000001c       0x60 c:/st/stm32cubeide_1.4.0/stm32cubeide/plugins/com.st.stm32cube.ide.mcu.externaltools.gnu-tools-for-stm32.7-2018-q2-update.win32_1.5.0.202011040924/tools/bin/../lib/gcc/arm-none-eabi/7.3.1/../../../../arm-none-eabi/lib/thumb/v7e-m/fpv4-sp/hard\libc_nano.a(lib_a-impure.o)
                0x000000002000007c                . = ALIGN (0x4)
                0x000000002000007c                _edata = .

.igot.plt       0x000000002000007c        0x0 load address 0x000000000800f28c
 .igot.plt      0x000000002000007c        0x0 c:/st/stm32cubeide_1.4.0/stm32cubeide/plugins/com.st.stm32cube.ide.mcu.externaltools.gnu-tools-for-stm32.7-2018-q2-update.win32_1.5.0.202011040924/tools/bin/../lib/gcc/arm-none-eabi/7.3.1/thumb/v7e-m/fpv4-sp/hard/crtbegin.o
                0x000000002000007c                . = ALIGN (0x4)

.bss            0x000000002000007c    0x1224c load address 0x000000000800f28c
                0x000000002000007c                _sbss = .
                0x000000002000007c                __bss_start__ = _sbss
 *(.bss)
 .bss           0x000000002000007c       0x1c c:/st/stm32cubeide_1.4.0/stm32cubeide/plugins/com.st.stm32cube.ide.mcu.externaltools.gnu-tools-for-stm32.7-2018-q2-update.win32_1.5.0.202011040924/tools/bin/../lib/gcc/arm-none-eabi/7.3.1/thumb/v7e-m/fpv4-sp/hard/crtbegin.o
 *(.bss*)
 .bss.iData     0x0000000020000098        0x2 Core/Src/MY_CS43L22.o
 *fill*         0x000000002000009a        0x2 
 .bss.i2cx      0x000000002000009c       0x54 Core/Src/MY_CS43L22.o
 .bss.lcd16x2_i2cHandle
                0x00000000200000f0        0x4 Core/Src/lcd16x2_i2c.o
 .bss.LCD_I2C_SLAVE_ADDRESS
                0x00000000200000f4        0x1 Core/Src/lcd16x2_i2c.o
 .bss.pMode     0x00000000200000f5        0x1 Core/Src/main.o
                0x00000000200000f5                pMode
 .bss.tMode     0x00000000200000f6        0x1 Core/Src/main.o
                0x00000000200000f6                tMode
 *fill*         0x00000000200000f7        0x1 
 .bss.header    0x00000000200000f8        0xc Core/Src/midi.o
 .bss.player    0x0000000020000104        0x8 Core/Src/midi.o
 .bss.track     0x000000002000010c      0x2bc Core/Src/midi.o
 .bss.__sbrk_heap_end
                0x00000000200003c8        0x4 Core/Src/sysmem.o
 .bss.FatFs     0x00000000200003cc        0x4 Middlewares/Third_Party/FatFs/src/ff.o
 .bss.Fsid      0x00000000200003d0        0x2 Middlewares/Third_Party/FatFs/src/ff.o
 *fill*         0x00000000200003d2        0x2 
 .bss.Files     0x00000000200003d4       0x20 Middlewares/Third_Party/FatFs/src/ff.o
 .bss.disk      0x00000000200003f4        0xc Middlewares/Third_Party/FatFs/src/ff_gen_drv.o
                0x00000000200003f4                disk
 .bss.__malloc_free_list
                0x0000000020000400        0x4 c:/st/stm32cubeide_1.4.0/stm32cubeide/plugins/com.st.stm32cube.ide.mcu.externaltools.gnu-tools-for-stm32.7-2018-q2-update.win32_1.5.0.202011040924/tools/bin/../lib/gcc/arm-none-eabi/7.3.1/../../../../arm-none-eabi/lib/thumb/v7e-m/fpv4-sp/hard\libc_nano.a(lib_a-nano-mallocr.o)
                0x0000000020000400                __malloc_free_list
 .bss.__malloc_sbrk_start
                0x0000000020000404        0x4 c:/st/stm32cubeide_1.4.0/stm32cubeide/plugins/com.st.stm32cube.ide.mcu.externaltools.gnu-tools-for-stm32.7-2018-q2-update.win32_1.5.0.202011040924/tools/bin/../lib/gcc/arm-none-eabi/7.3.1/../../../../arm-none-eabi/lib/thumb/v7e-m/fpv4-sp/hard\libc_nano.a(lib_a-nano-mallocr.o)
                0x0000000020000404                __malloc_sbrk_start
 *(COMMON)
 COMMON         0x0000000020000408     0xfa7c Core/Src/main.o
                0x0000000020000408                wavetable
                0x00000000200004d0                mys
                0x000000002000050c                hi2c3
                0x0000000020000560                voice
                0x0000000020000614                myFILE
                0x0000000020001644                hi2c1
                0x0000000020001698                kvoice
                0x0000000020001878                myFATFS
                0x00000000200028ac                byteBuf
                0x00000000200028b0                hdma_spi3_tx
                0x0000000020002910                myFILE2
                0x0000000020003940                hdac
                0x0000000020003954                htim1
                0x0000000020003994                hsd
                0x0000000020003a18                I2Sdummy
                0x0000000020003a20                hdma_tim1_up
                0x0000000020003a80                readmidi
                0x000000002000fdd0                channel_wavetable
                0x000000002000fe20                writeByte
                0x000000002000fe24                mp
                0x000000002000fe28                myRdData
                0x000000002000fe38                readByte
                0x000000002000fe3c                hi2s3
 COMMON         0x000000002000fe84      0x1cc Core/Src/visEffect.o
                0x000000002000fe84                ws2812b
                0x000000002000fea0                frameBuffer
 COMMON         0x0000000020010050      0x204 Core/Src/ws2812b.o
                0x0000000020010050                tim2OC2
                0x000000002001006c                timer_reset_pulse_period
                0x0000000020010070                dmaCC2
                0x00000000200100d0                tim2OC1
                0x00000000200100ec                TIM1_handle
                0x000000002001012c                tim_period
                0x0000000020010130                dmaCC1
                0x0000000020010190                dummy
                0x0000000020010194                ws2812bDmaBitBuffer
                0x00000000200101f4                dmaUpdate
 COMMON         0x0000000020010254        0x4 Drivers/STM32F4xx_HAL_Driver/Src/stm32f4xx_hal.o
                0x0000000020010254                uwTick
 COMMON         0x0000000020010258     0x206c FATFS/App/fatfs.o
                0x0000000020010258                retSD
                0x000000002001025c                SDPath
                0x0000000020010260                SDFile
                0x0000000020011290                SDFatFS
 COMMON         0x00000000200122c4        0x4 c:/st/stm32cubeide_1.4.0/stm32cubeide/plugins/com.st.stm32cube.ide.mcu.externaltools.gnu-tools-for-stm32.7-2018-q2-update.win32_1.5.0.202011040924/tools/bin/../lib/gcc/arm-none-eabi/7.3.1/../../../../arm-none-eabi/lib/thumb/v7e-m/fpv4-sp/hard\libc_nano.a(lib_a-reent.o)
                0x00000000200122c4                errno
                0x00000000200122c8                . = ALIGN (0x4)
                0x00000000200122c8                _ebss = .
                0x00000000200122c8                __bss_end__ = _ebss

._user_heap_stack
                0x00000000200122c8      0x600 load address 0x000000000800f28c
                0x00000000200122c8                . = ALIGN (0x8)
                [!provide]                        PROVIDE (end = .)
                0x00000000200122c8                PROVIDE (_end = .)
                0x00000000200124c8                . = (. + _Min_Heap_Size)
 *fill*         0x00000000200122c8      0x200 
                0x00000000200128c8                . = (. + _Min_Stack_Size)
 *fill*         0x00000000200124c8      0x400 
                0x00000000200128c8                . = ALIGN (0x8)

/DISCARD/
 libc.a(*)
 libm.a(*)
 libgcc.a(*)

.ARM.attributes
                0x0000000000000000       0x30
 *(.ARM.attributes)
 .ARM.attributes
                0x0000000000000000       0x22 c:/st/stm32cubeide_1.4.0/stm32cubeide/plugins/com.st.stm32cube.ide.mcu.externaltools.gnu-tools-for-stm32.7-2018-q2-update.win32_1.5.0.202011040924/tools/bin/../lib/gcc/arm-none-eabi/7.3.1/thumb/v7e-m/fpv4-sp/hard/crti.o
 .ARM.attributes
                0x0000000000000022       0x34 c:/st/stm32cubeide_1.4.0/stm32cubeide/plugins/com.st.stm32cube.ide.mcu.externaltools.gnu-tools-for-stm32.7-2018-q2-update.win32_1.5.0.202011040924/tools/bin/../lib/gcc/arm-none-eabi/7.3.1/thumb/v7e-m/fpv4-sp/hard/crtbegin.o
 .ARM.attributes
                0x0000000000000056       0x39 Core/Src/MY_CS43L22.o
 .ARM.attributes
                0x000000000000008f       0x39 Core/Src/MY_Keypad4x4.o
 .ARM.attributes
                0x00000000000000c8       0x39 Core/Src/lcd16x2_i2c.o
 .ARM.attributes
                0x0000000000000101       0x39 Core/Src/main.o
 .ARM.attributes
                0x000000000000013a       0x39 Core/Src/midi.o
 .ARM.attributes
                0x0000000000000173       0x39 Core/Src/stm32f4xx_hal_msp.o
 .ARM.attributes